Archive member included to satisfy reference by file (symbol)

c:/nxp/mcuxpressoide_11.3.0_5222/ide/plugins/com.nxp.mcuxpresso.tools.win32_11.3.0.202008311133/tools/bin/../lib/gcc/arm-none-eabi/9.3.1/../../../../arm-none-eabi/lib/thumb/v7e-m+fp/hard\libcr_semihost_nf.a(_cr__main.o)
                              ./startup/startup_mimxrt1011.o (__main)
c:/nxp/mcuxpressoide_11.3.0_5222/ide/plugins/com.nxp.mcuxpresso.tools.win32_11.3.0.202008311133/tools/bin/../lib/gcc/arm-none-eabi/9.3.1/../../../../arm-none-eabi/lib/thumb/v7e-m+fp/hard\libcr_semihost_nf.a(_cr_assert.o)
                              ./drivers/fsl_clock.o (__assertion_failed)
c:/nxp/mcuxpressoide_11.3.0_5222/ide/plugins/com.nxp.mcuxpresso.tools.win32_11.3.0.202008311133/tools/bin/../lib/gcc/arm-none-eabi/9.3.1/../../../../arm-none-eabi/lib/thumb/v7e-m+fp/hard\libcr_semihost_nf.a(__ciob.o)
                              c:/nxp/mcuxpressoide_11.3.0_5222/ide/plugins/com.nxp.mcuxpresso.tools.win32_11.3.0.202008311133/tools/bin/../lib/gcc/arm-none-eabi/9.3.1/../../../../arm-none-eabi/lib/thumb/v7e-m+fp/hard\libcr_semihost_nf.a(_cr_assert.o) (__Ciob)
c:/nxp/mcuxpressoide_11.3.0_5222/ide/plugins/com.nxp.mcuxpresso.tools.win32_11.3.0.202008311133/tools/bin/../lib/gcc/arm-none-eabi/9.3.1/../../../../arm-none-eabi/lib/thumb/v7e-m+fp/hard\libcr_semihost_nf.a(__sys_appexit.o)
                              c:/nxp/mcuxpressoide_11.3.0_5222/ide/plugins/com.nxp.mcuxpresso.tools.win32_11.3.0.202008311133/tools/bin/../lib/gcc/arm-none-eabi/9.3.1/../../../../arm-none-eabi/lib/thumb/v7e-m+fp/hard\libcr_semihost_nf.a(_cr_assert.o) (__sys_appexit)
c:/nxp/mcuxpressoide_11.3.0_5222/ide/plugins/com.nxp.mcuxpresso.tools.win32_11.3.0.202008311133/tools/bin/../lib/gcc/arm-none-eabi/9.3.1/../../../../arm-none-eabi/lib/thumb/v7e-m+fp/hard\libcr_c.a(memcpy.o)
                              ./drivers/fsl_clock.o (memcpy)
c:/nxp/mcuxpressoide_11.3.0_5222/ide/plugins/com.nxp.mcuxpresso.tools.win32_11.3.0.202008311133/tools/bin/../lib/gcc/arm-none-eabi/9.3.1/../../../../arm-none-eabi/lib/thumb/v7e-m+fp/hard\libcr_c.a(memset.o)
                              ./drivers/fsl_lpi2c.o (memset)
c:/nxp/mcuxpressoide_11.3.0_5222/ide/plugins/com.nxp.mcuxpresso.tools.win32_11.3.0.202008311133/tools/bin/../lib/gcc/arm-none-eabi/9.3.1/../../../../arm-none-eabi/lib/thumb/v7e-m+fp/hard\libcr_c.a(_deferredlazyseek.o)
                              c:/nxp/mcuxpressoide_11.3.0_5222/ide/plugins/com.nxp.mcuxpresso.tools.win32_11.3.0.202008311133/tools/bin/../lib/gcc/arm-none-eabi/9.3.1/../../../../arm-none-eabi/lib/thumb/v7e-m+fp/hard\libcr_semihost_nf.a(_cr_assert.o) (__flsbuf)
c:/nxp/mcuxpressoide_11.3.0_5222/ide/plugins/com.nxp.mcuxpresso.tools.win32_11.3.0.202008311133/tools/bin/../lib/gcc/arm-none-eabi/9.3.1/../../../../arm-none-eabi/lib/thumb/v7e-m+fp/hard\libcr_c.a(_fflush.o)
                              c:/nxp/mcuxpressoide_11.3.0_5222/ide/plugins/com.nxp.mcuxpresso.tools.win32_11.3.0.202008311133/tools/bin/../lib/gcc/arm-none-eabi/9.3.1/../../../../arm-none-eabi/lib/thumb/v7e-m+fp/hard\libcr_c.a(_deferredlazyseek.o) (_fflush)
c:/nxp/mcuxpressoide_11.3.0_5222/ide/plugins/com.nxp.mcuxpresso.tools.win32_11.3.0.202008311133/tools/bin/../lib/gcc/arm-none-eabi/9.3.1/../../../../arm-none-eabi/lib/thumb/v7e-m+fp/hard\libcr_c.a(_writebuf.o)
                              c:/nxp/mcuxpressoide_11.3.0_5222/ide/plugins/com.nxp.mcuxpresso.tools.win32_11.3.0.202008311133/tools/bin/../lib/gcc/arm-none-eabi/9.3.1/../../../../arm-none-eabi/lib/thumb/v7e-m+fp/hard\libcr_c.a(_deferredlazyseek.o) (_Cwritebuf)
c:/nxp/mcuxpressoide_11.3.0_5222/ide/plugins/com.nxp.mcuxpresso.tools.win32_11.3.0.202008311133/tools/bin/../lib/gcc/arm-none-eabi/9.3.1/../../../../arm-none-eabi/lib/thumb/v7e-m+fp/hard\libcr_c.a(alloc.o)
                              ./drivers/fsl_common.o (malloc)
c:/nxp/mcuxpressoide_11.3.0_5222/ide/plugins/com.nxp.mcuxpresso.tools.win32_11.3.0.202008311133/tools/bin/../lib/gcc/arm-none-eabi/9.3.1/../../../../arm-none-eabi/lib/thumb/v7e-m+fp/hard\libcr_c.a(fputs.o)
                              c:/nxp/mcuxpressoide_11.3.0_5222/ide/plugins/com.nxp.mcuxpresso.tools.win32_11.3.0.202008311133/tools/bin/../lib/gcc/arm-none-eabi/9.3.1/../../../../arm-none-eabi/lib/thumb/v7e-m+fp/hard\libcr_semihost_nf.a(_cr_assert.o) (fputs)
c:/nxp/mcuxpressoide_11.3.0_5222/ide/plugins/com.nxp.mcuxpresso.tools.win32_11.3.0.202008311133/tools/bin/../lib/gcc/arm-none-eabi/9.3.1/../../../../arm-none-eabi/lib/thumb/v7e-m+fp/hard\libcr_c.a(fseek.o)
                              c:/nxp/mcuxpressoide_11.3.0_5222/ide/plugins/com.nxp.mcuxpresso.tools.win32_11.3.0.202008311133/tools/bin/../lib/gcc/arm-none-eabi/9.3.1/../../../../arm-none-eabi/lib/thumb/v7e-m+fp/hard\libcr_c.a(_deferredlazyseek.o) (fseek)
c:/nxp/mcuxpressoide_11.3.0_5222/ide/plugins/com.nxp.mcuxpresso.tools.win32_11.3.0.202008311133/tools/bin/../lib/gcc/arm-none-eabi/9.3.1/../../../../arm-none-eabi/lib/thumb/v7e-m+fp/hard\libcr_c.a(ftell.o)
[...]
Memory Configuration

Name             Origin             Length             Attributes
SRAM_DTC         0x20000000         0x00008000         xrw
SRAM_ITC         0x00000000         0x00008000         xrw
SRAM_OC          0x20200000         0x00008000         xrw
NCACHE_REGION    0x20208000         0x00008000         xrw
*default*        0x00000000         0xffffffff

Linker script and memory map

LOAD ./startup/startup_mimxrt1011.o
LOAD ./source/PCA9685_Driver/PCA9685.o
LOAD ./source/PCA9685_Driver/examples.o
LOAD ./source/MIMXRT1011_Project_examples.o
LOAD ./source/semihost_hardfault.o
LOAD ./drivers/fsl_clock.o
LOAD ./drivers/fsl_common.o
LOAD ./drivers/fsl_gpio.o
LOAD ./drivers/fsl_lpi2c.o
LOAD ./device/system_MIMXRT1011.o
LOAD ./board/board.o
LOAD ./board/clock_config.o
LOAD ./board/peripherals.o
LOAD ./board/pin_mux.o
START GROUP
LOAD c:/nxp/mcuxpressoide_11.3.0_5222/ide/plugins/com.nxp.mcuxpresso.tools.win32_11.3.0.202008311133/tools/bin/../lib/gcc/arm-none-eabi/9.3.1/../../../../arm-none-eabi/lib/thumb/v7e-m+fp/hard\libcr_semihost_nf.a
LOAD c:/nxp/mcuxpressoide_11.3.0_5222/ide/plugins/com.nxp.mcuxpresso.tools.win32_11.3.0.202008311133/tools/bin/../lib/gcc/arm-none-eabi/9.3.1/../../../../arm-none-eabi/lib/thumb/v7e-m+fp/hard\libcr_c.a
LOAD c:/nxp/mcuxpressoide_11.3.0_5222/ide/plugins/com.nxp.mcuxpresso.tools.win32_11.3.0.202008311133/tools/bin/../lib/gcc/arm-none-eabi/9.3.1/thumb/v7e-m+fp/hard\libcr_eabihelpers.a
LOAD c:/nxp/mcuxpressoide_11.3.0_5222/ide/plugins/com.nxp.mcuxpresso.tools.win32_11.3.0.202008311133/tools/bin/../lib/gcc/arm-none-eabi/9.3.1/thumb/v7e-m+fp/hard\libgcc.a
END GROUP
                0x20000000                __base_SRAM_DTC = 0x20000000
                0x20000000                __base_RAM = 0x20000000
                0x20008000                __top_SRAM_DTC = 0x20008000
                0x20008000                __top_RAM = 0x20008000
                0x00000000                __base_SRAM_ITC = 0x0
                0x00000000                __base_RAM2 = 0x0
                0x00008000                __top_SRAM_ITC = 0x8000
                0x00008000                __top_RAM2 = 0x8000
                0x20200000                __base_SRAM_OC = 0x20200000
                0x20200000                __base_RAM3 = 0x20200000
                0x20208000                __top_SRAM_OC = 0x20208000
                0x20208000                __top_RAM3 = 0x20208000
                0x20208000                __base_NCACHE_REGION = 0x20208000
                0x20208000                __base_RAM4 = 0x20208000
                0x20210000                __top_NCACHE_REGION = 0x20210000
                0x20210000                __top_RAM4 = 0x20210000

.text           0x20000000     0x3bf4
 FILL mask 0xff
                0x20000000                __vectors_start__ = ABSOLUTE (.)
 *(SORT_BY_ALIGNMENT(.isr_vector))
 .isr_vector    0x20000000      0x180 ./startup/startup_mimxrt1011.o
                0x20000000                g_pfnVectors
                0x20000000                __Vectors
                0x20000180                . = ALIGN (0x4)
                0x20000180                __section_table_start = .
                0x20000180                __data_section_table = .
                0x20000180        0x4 LONG 0x20003bf4 LOADADDR (.data)
                0x20000184        0x4 LONG 0x20003bf4 ADDR (.data)
                0x20000188        0x4 LONG 0x6c SIZEOF (.data)
                0x2000018c        0x4 LONG 0x20003bf4 LOADADDR (.data_RAM2)
                0x20000190        0x4 LONG 0x0 ADDR (.data_RAM2)
                0x20000194        0x4 LONG 0x0 SIZEOF (.data_RAM2)
                0x20000198        0x4 LONG 0x20003bf4 LOADADDR (.data_RAM3)
                0x2000019c        0x4 LONG 0x20200000 ADDR (.data_RAM3)
                0x200001a0        0x4 LONG 0x0 SIZEOF (.data_RAM3)
                0x200001a4        0x4 LONG 0x20003bf4 LOADADDR (.data_RAM4)
                0x200001a8        0x4 LONG 0x20208000 ADDR (.data_RAM4)
                0x200001ac        0x4 LONG 0x0 SIZEOF (.data_RAM4)
                0x200001b0                __data_section_table_end = .
                0x200001b0                __bss_section_table = .
                0x200001b0        0x4 LONG 0x20003c60 ADDR (.bss)
                0x200001b4        0x4 LONG 0x128 SIZEOF (.bss)
                0x200001b8        0x4 LONG 0x0 ADDR (.bss_RAM2)
                0x200001bc        0x4 LONG 0x0 SIZEOF (.bss_RAM2)
                0x200001c0        0x4 LONG 0x20200000 ADDR (.bss_RAM3)
                0x200001c4        0x4 LONG 0x0 SIZEOF (.bss_RAM3)
                0x200001c8        0x4 LONG 0x20208000 ADDR (.bss_RAM4)
                0x200001cc        0x4 LONG 0x0 SIZEOF (.bss_RAM4)
                0x200001d0                __bss_section_table_end = .
                0x200001d0                __section_table_end = .
 *(SORT_BY_ALIGNMENT(.after_vectors*))
 .after_vectors.reset
                0x200001d0       0x58 ./startup/startup_mimxrt1011.o
                0x200001d0                ResetISR
 .after_vectors.init_data
                0x20000228       0x1e ./startup/startup_mimxrt1011.o
                0x20000228                data_init
 .after_vectors.init_bss
                0x20000246       0x12 ./startup/startup_mimxrt1011.o
                0x20000246                bss_init
 .after_vectors
                0x20000258       0x14 ./startup/startup_mimxrt1011.o
                0x20000258                NMI_Handler
                0x2000025c                MemManage_Handler
                0x2000025e                BusFault_Handler
                0x20000260                UsageFault_Handler
                0x20000262                SVC_Handler
                0x20000264                DebugMon_Handler
                0x20000266                PendSV_Handler
                0x20000268                SysTick_Handler
                0x2000026a                DMA12_DriverIRQHandler
                0x2000026a                SPDIF_DriverIRQHandler
                0x2000026a                FLEXRAM_DriverIRQHandler
                0x2000026a                DMA0_DriverIRQHandler
                0x2000026a                PIT_DriverIRQHandler
                0x2000026a                ADC_ETC_IRQ3_DriverIRQHandler
                0x2000026a                USB_PHY_DriverIRQHandler
                0x2000026a                GPR_IRQ_DriverIRQHandler
                0x2000026a                DMA6_DriverIRQHandler
                0x2000026a                TRNG_DriverIRQHandler
                0x2000026a                SAI3_RX_DriverIRQHandler
                0x2000026a                IntDefaultHandler
                0x2000026a                DMA11_DriverIRQHandler
                0x2000026a                SRC_DriverIRQHandler
                0x2000026a                DMA10_DriverIRQHandler
                0x2000026a                LPUART2_DriverIRQHandler
                0x2000026a                EWM_DriverIRQHandler
                0x2000026a                DMA5_DriverIRQHandler
                0x2000026a                DMA4_DriverIRQHandler
                0x2000026a                WDOG1_DriverIRQHandler
                0x2000026a                CCM_2_DriverIRQHandler
                0x2000026a                ADC_ETC_IRQ2_DriverIRQHandler
                0x2000026a                GPIO1_Combined_16_31_DriverIRQHandler
                0x2000026a                SAI1_DriverIRQHandler
                0x2000026a                DCDC_DriverIRQHandler
                0x2000026a                ADC_ETC_ERROR_IRQ_DriverIRQHandler
                0x2000026a                GPIO5_Combined_0_15_DriverIRQHandler
                0x2000026a                DMA3_DriverIRQHandler
                0x2000026a                RTWDOG_DriverIRQHandler
                0x2000026a                FLEXSPI_DriverIRQHandler
                0x2000026a                GPT2_DriverIRQHandler
                0x2000026a                DMA8_DriverIRQHandler
                0x2000026a                DMA9_DriverIRQHandler
                0x2000026a                PWM1_1_DriverIRQHandler
                0x2000026a                LPUART1_DriverIRQHandler
                0x2000026a                Reserved71_DriverIRQHandler
                0x2000026a                ADC1_DriverIRQHandler
                0x2000026a                PWM1_0_DriverIRQHandler
                0x2000026a                DMA14_DriverIRQHandler
                0x2000026a                LPUART4_DriverIRQHandler
                0x2000026a                DCP_DriverIRQHandler
                0x2000026a                CTI0_ERROR_DriverIRQHandler
                0x2000026a                GPT1_DriverIRQHandler
                0x2000026a                CSU_DriverIRQHandler
                0x2000026a                CTI1_ERROR_DriverIRQHandler
                0x2000026a                GPIO1_Combined_0_15_DriverIRQHandler
                0x2000026a                LPSPI2_DriverIRQHandler
                0x2000026a                CORE_DriverIRQHandler
                0x2000026a                FLEXIO1_DriverIRQHandler
                0x2000026a                SNVS_HP_WRAPPER_TZ_DriverIRQHandler
                0x2000026a                PWM1_FAULT_DriverIRQHandler
                0x2000026a                DMA1_DriverIRQHandler
                0x2000026a                SNVS_HP_WRAPPER_DriverIRQHandler
                0x2000026a                ADC_ETC_IRQ1_DriverIRQHandler
                0x2000026a                LPSPI1_DriverIRQHandler
                0x2000026a                DMA13_DriverIRQHandler
                0x2000026a                DCP_VMI_DriverIRQHandler
                0x2000026a                DMA15_DriverIRQHandler
                0x2000026a                GPC_DriverIRQHandler
                0x2000026a                GPIO2_Combined_0_15_DriverIRQHandler
                0x2000026a                PWM1_2_DriverIRQHandler
                0x2000026a                USB_OTG1_DriverIRQHandler
                0x2000026a                TEMP_LOW_HIGH_DriverIRQHandler
                0x2000026a                SAI3_TX_DriverIRQHandler
                0x2000026a                WDOG2_DriverIRQHandler
                0x2000026a                Reserved68_DriverIRQHandler
                0x2000026a                PMU_DriverIRQHandler
                0x2000026a                CCM_1_DriverIRQHandler
                0x2000026a                TEMP_PANIC_DriverIRQHandler
                0x2000026a                KPP_DriverIRQHandler
                0x2000026a                DMA2_DriverIRQHandler
                0x2000026a                PWM1_3_DriverIRQHandler
                0x2000026a                Reserved70_DriverIRQHandler
                0x2000026a                DMA_ERROR_DriverIRQHandler
                0x2000026a                ADC_ETC_IRQ0_DriverIRQHandler
                0x2000026a                DMA7_DriverIRQHandler
                0x2000026a                XBAR1_IRQ_0_1_2_3_DriverIRQHandler
                0x2000026a                LPUART3_DriverIRQHandler
                0x2000026a                SNVS_LP_WRAPPER_DriverIRQHandler
 *(SORT_BY_ALIGNMENT(.text*))
 *fill*         0x2000026c        0x4 ff
 .text.PCA9685SetFrequency
                0x20000270      0x134 ./source/PCA9685_Driver/PCA9685.o
                0x20000270                PCA9685SetFrequency
 .text.PCA9685I2CWrite
                0x200003a4       0x50 ./source/PCA9685_Driver/PCA9685.o
                0x200003a4                PCA9685I2CWrite
 .text.PCA9685Init
                0x200003f4       0x68 ./source/PCA9685_Driver/PCA9685.o
                0x200003f4                PCA9685Init
 .text.PCA9685KnightRiderInit
                0x2000045c       0x24 ./source/PCA9685_Driver/examples.o
                0x2000045c                PCA9685KnightRiderInit
 .text.PCA9685KnightRiderRun
                0x20000480       0x68 ./source/PCA9685_Driver/examples.o
                0x20000480                PCA9685KnightRiderRun
 .text.PCA9685BlockWriteInit
                0x200004e8       0x24 ./source/PCA9685_Driver/examples.o
                0x200004e8                PCA9685BlockWriteInit
 .text.PCA9685BlockWriteRun
                0x2000050c       0x40 ./source/PCA9685_Driver/examples.o
                0x2000050c                PCA9685BlockWriteRun
 .text.PCA9685FadingEffectInit
                0x2000054c       0x24 ./source/PCA9685_Driver/examples.o
                0x2000054c                PCA9685FadingEffectInit
 .text.PCA9685FadingEffectRun
                0x20000570       0xb4 ./source/PCA9685_Driver/examples.o
                0x20000570                PCA9685FadingEffectRun
 .text.main     0x20000624       0xbc ./source/MIMXRT1011_Project_examples.o
                0x20000624                main
 .text.CLOCK_InitExternalClk
                0x200006e0       0x6c ./drivers/fsl_clock.o
                0x200006e0                CLOCK_InitExternalClk
 .text.CLOCK_SwitchOsc
                0x2000074c       0x34 ./drivers/fsl_clock.o
                0x2000074c                CLOCK_SwitchOsc
 .text.CLOCK_InitRcOsc24M
                0x20000780       0x24 ./drivers/fsl_clock.o
                0x20000780                CLOCK_InitRcOsc24M
 .text.CLOCK_InitSysPll
                0x200007a4       0x9c ./drivers/fsl_clock.o
                0x200007a4                CLOCK_InitSysPll
 .text.CLOCK_DeinitUsb1Pll
                0x20000840       0x18 ./drivers/fsl_clock.o
                0x20000840                CLOCK_DeinitUsb1Pll
 .text.CLOCK_DeinitAudioPll
                0x20000858       0x1c ./drivers/fsl_clock.o
                0x20000858                CLOCK_DeinitAudioPll
 .text.CLOCK_InitEnetPll
                0x20000874       0x7c ./drivers/fsl_clock.o
                0x20000874                CLOCK_InitEnetPll
 .text.CLOCK_InitSysPfd
                0x200008f0       0x64 ./drivers/fsl_clock.o
                0x200008f0                CLOCK_InitSysPfd
 .text.CLOCK_ControlGate
                0x20000954       0x64 ./drivers/fsl_gpio.o
 .text.GPIO_GetInstance
                0x200009b8       0x4c ./drivers/fsl_gpio.o
 .text.GPIO_PinInit
                0x20000a04       0xa4 ./drivers/fsl_gpio.o
                0x20000a04                GPIO_PinInit
 .text.GPIO_PinWrite
                0x20000aa8       0x48 ./drivers/fsl_gpio.o
                0x20000aa8                GPIO_PinWrite
 .text.GPIO_PinSetInterruptConfig
                0x20000af0       0xfc ./drivers/fsl_gpio.o
                0x20000af0                GPIO_PinSetInterruptConfig
 .text.__NVIC_EnableIRQ
                0x20000bec       0x3c ./drivers/fsl_lpi2c.o
 .text.CLOCK_ControlGate
                0x20000c28       0x64 ./drivers/fsl_lpi2c.o
 .text.LPI2C_GetInstance
                0x20000c8c       0x4c ./drivers/fsl_lpi2c.o
                0x20000c8c                LPI2C_GetInstance
 .text.LPI2C_GetCyclesForWidth
                0x20000cd8       0x9c ./drivers/fsl_lpi2c.o
 .text.LPI2C_MasterGetDefaultConfig
                0x20000d74       0x6c ./drivers/fsl_lpi2c.o
                0x20000d74                LPI2C_MasterGetDefaultConfig
 .text.LPI2C_MasterInit
                0x20000de0      0x1cc ./drivers/fsl_lpi2c.o
                0x20000de0                LPI2C_MasterInit
 .text.LPI2C_MasterSetBaudRate
                0x20000fac      0x2c4 ./drivers/fsl_lpi2c.o
                0x20000fac                LPI2C_MasterSetBaudRate
 .text.LPI2C_MasterSend
                0x20001270       0x58 ./drivers/fsl_lpi2c.o
                0x20001270                LPI2C_MasterSend
 .text.LPI2C_MasterTransferCreateHandle
                0x200012c8       0x80 ./drivers/fsl_lpi2c.o
                0x200012c8                LPI2C_MasterTransferCreateHandle
 .text.LPI2C_RunTransferStateMachine
                0x20001348      0x258 ./drivers/fsl_lpi2c.o
 .text.LPI2C_CommonIRQHandler
                0x200015a0       0x78 ./drivers/fsl_lpi2c.o
 .text.LPI2C1_DriverIRQHandler
                0x20001618       0x14 ./drivers/fsl_lpi2c.o
                0x20001618                LPI2C1_DriverIRQHandler
 .text.LPI2C2_DriverIRQHandler
                0x2000162c       0x14 ./drivers/fsl_lpi2c.o
                0x2000162c                LPI2C2_DriverIRQHandler
 .text.SystemInit
                0x20001640      0x1d8 ./device/system_MIMXRT1011.o
                0x20001640                SystemInit
 .text.CLOCK_SetMux
                0x20001818       0x9c ./board/clock_config.o
 .text.CLOCK_SetDiv
                0x200018b4       0x9c ./board/clock_config.o
 .text.CLOCK_ControlGate
                0x20001950       0x64 ./board/clock_config.o
 .text.CLOCK_SetXtalFreq
                0x200019b4       0x20 ./board/clock_config.o
 .text.IOMUXC_MQSConfig
                0x200019d4       0x44 ./board/clock_config.o
 .text.BOARD_BootClockRUN
                0x20001a18      0x414 ./board/clock_config.o
                0x20001a18                BOARD_BootClockRUN
 .text.LPI2C1_init
                0x20001e2c       0x30 ./board/peripherals.o
 .text.CLOCK_ControlGate
                0x20001e5c       0x64 ./board/pin_mux.o
 .text.BOARD_InitPins
                0x20001ec0       0xcc ./board/pin_mux.o
                0x20001ec0                BOARD_InitPins
 .text.__assertion_failed
                0x20001f8c       0x4c c:/nxp/mcuxpressoide_11.3.0_5222/ide/plugins/com.nxp.mcuxpresso.tools.win32_11.3.0.202008311133/tools/bin/../lib/gcc/arm-none-eabi/9.3.1/../../../../arm-none-eabi/lib/thumb/v7e-m+fp/hard\libcr_semihost_nf.a(_cr_assert.o)
                0x20001f8c                __assertion_failed
 .text.__sys_appexit
                0x20001fd8        0xc c:/nxp/mcuxpressoide_11.3.0_5222/ide/plugins/com.nxp.mcuxpresso.tools.win32_11.3.0.202008311133/tools/bin/../lib/gcc/arm-none-eabi/9.3.1/../../../../arm-none-eabi/lib/thumb/v7e-m+fp/hard\libcr_semihost_nf.a(__sys_appexit.o)
                0x20001fd8                __sys_appexit
                0x20001fd8                __exit
 .text._Cwritebuf
                0x20001fe4       0x6c c:/nxp/mcuxpressoide_11.3.0_5222/ide/plugins/com.nxp.mcuxpresso.tools.win32_11.3.0.202008311133/tools/bin/../lib/gcc/arm-none-eabi/9.3.1/../../../../arm-none-eabi/lib/thumb/v7e-m+fp/hard\libcr_c.a(_writebuf.o)
                0x20001fe4                _Cwritebuf
 .text.malloc   0x20002050       0xc8 c:/nxp/mcuxpressoide_11.3.0_5222/ide/plugins/com.nxp.mcuxpresso.tools.win32_11.3.0.202008311133/tools/bin/../lib/gcc/arm-none-eabi/9.3.1/../../../../arm-none-eabi/lib/thumb/v7e-m+fp/hard\libcr_c.a(alloc.o)
                0x20002050                malloc
 .text._Csys_alloc
                0x20002118       0x20 c:/nxp/mcuxpressoide_11.3.0_5222/ide/plugins/com.nxp.mcuxpresso.tools.win32_11.3.0.202008311133/tools/bin/../lib/gcc/arm-none-eabi/9.3.1/../../../../arm-none-eabi/lib/thumb/v7e-m+fp/hard\libcr_c.a(alloc.o)
                0x20002118                _Csys_alloc
 .text.fseek    0x20002138      0x100 c:/nxp/mcuxpressoide_11.3.0_5222/ide/plugins/com.nxp.mcuxpresso.tools.win32_11.3.0.202008311133/tools/bin/../lib/gcc/arm-none-eabi/9.3.1/../../../../arm-none-eabi/lib/thumb/v7e-m+fp/hard\libcr_c.a(fseek.o)
                0x20002138                fseek
 .text.ftell    0x20002238       0x44 c:/nxp/mcuxpressoide_11.3.0_5222/ide/plugins/com.nxp.mcuxpresso.tools.win32_11.3.0.202008311133/tools/bin/../lib/gcc/arm-none-eabi/9.3.1/../../../../arm-none-eabi/lib/thumb/v7e-m+fp/hard\libcr_c.a(ftell.o)
                0x20002238                ftell
 .text._initio  0x2000227c       0x78 c:/nxp/mcuxpressoide_11.3.0_5222/ide/plugins/com.nxp.mcuxpresso.tools.win32_11.3.0.202008311133/tools/bin/../lib/gcc/arm-none-eabi/9.3.1/../../../../arm-none-eabi/lib/thumb/v7e-m+fp/hard\libcr_c.a(initio.o)
                0x2000227c                _initio
 .text._sbrk    0x200022f4       0x3c c:/nxp/mcuxpressoide_11.3.0_5222/ide/plugins/com.nxp.mcuxpresso.tools.win32_11.3.0.202008311133/tools/bin/../lib/gcc/arm-none-eabi/9.3.1/../../../../arm-none-eabi/lib/thumb/v7e-m+fp/hard\libcr_c.a(_cr_sbrk.o)
                0x200022f4                _sbrk
 .text.fflush   0x20002330       0x44 c:/nxp/mcuxpressoide_11.3.0_5222/ide/plugins/com.nxp.mcuxpresso.tools.win32_11.3.0.202008311133/tools/bin/../lib/gcc/arm-none-eabi/9.3.1/../../../../arm-none-eabi/lib/thumb/v7e-m+fp/hard\libcr_c.a(fflush.o)
                0x20002330                fflush
 .text.__check_heap_overflow
                0x20002374       0x18 c:/nxp/mcuxpressoide_11.3.0_5222/ide/plugins/com.nxp.mcuxpresso.tools.win32_11.3.0.202008311133/tools/bin/../lib/gcc/arm-none-eabi/9.3.1/../../../../arm-none-eabi/lib/thumb/v7e-m+fp/hard\libcr_c.a(_cr_check_heap.o)
                0x20002374                __check_heap_overflow
 .text.__aeabi_dmul
                0x2000238c      0x114 c:/nxp/mcuxpressoide_11.3.0_5222/ide/plugins/com.nxp.mcuxpresso.tools.win32_11.3.0.202008311133/tools/bin/../lib/gcc/arm-none-eabi/9.3.1/thumb/v7e-m+fp/hard\libcr_eabihelpers.a(double.o)
                0x2000238c                __aeabi_dmul
 .text.__aeabi_ddiv
                0x200024a0      0x144 c:/nxp/mcuxpressoide_11.3.0_5222/ide/plugins/com.nxp.mcuxpresso.tools.win32_11.3.0.202008311133/tools/bin/../lib/gcc/arm-none-eabi/9.3.1/thumb/v7e-m+fp/hard\libcr_eabihelpers.a(double.o)
                0x200024a0                __aeabi_ddiv
 .text.__aeabi_dsub
                0x200025e4      0x1b0 c:/nxp/mcuxpressoide_11.3.0_5222/ide/plugins/com.nxp.mcuxpresso.tools.win32_11.3.0.202008311133/tools/bin/../lib/gcc/arm-none-eabi/9.3.1/thumb/v7e-m+fp/hard\libcr_eabihelpers.a(double.o)
                0x200025e4                __aeabi_dsub
 .text.__aeabi_dadd
                0x20002794      0x114 c:/nxp/mcuxpressoide_11.3.0_5222/ide/plugins/com.nxp.mcuxpresso.tools.win32_11.3.0.202008311133/tools/bin/../lib/gcc/arm-none-eabi/9.3.1/thumb/v7e-m+fp/hard\libcr_eabihelpers.a(double.o)
                0x20002794                __aeabi_dadd
 .text.__aeabi_d2f
                0x200028a8       0x58 c:/nxp/mcuxpressoide_11.3.0_5222/ide/plugins/com.nxp.mcuxpresso.tools.win32_11.3.0.202008311133/tools/bin/../lib/gcc/arm-none-eabi/9.3.1/thumb/v7e-m+fp/hard\libcr_eabihelpers.a(double.o)
                0x200028a8                __aeabi_d2f
 .text.__aeabi_f2d
                0x20002900       0x38 c:/nxp/mcuxpressoide_11.3.0_5222/ide/plugins/com.nxp.mcuxpresso.tools.win32_11.3.0.202008311133/tools/bin/../lib/gcc/arm-none-eabi/9.3.1/thumb/v7e-m+fp/hard\libcr_eabihelpers.a(float.o)
                0x20002900                __aeabi_f2d
 .text.DMA0_IRQHandler
                0x20002938        0x8 ./startup/startup_mimxrt1011.o
                0x20002938                DMA0_IRQHandler
 .text.DMA1_IRQHandler
                0x20002940        0x8 ./startup/startup_mimxrt1011.o
                0x20002940                DMA1_IRQHandler
 .text.DMA2_IRQHandler
                0x20002948        0x8 ./startup/startup_mimxrt1011.o
                0x20002948                DMA2_IRQHandler
 .text.DMA3_IRQHandler
                0x20002950        0x8 ./startup/startup_mimxrt1011.o
                0x20002950                DMA3_IRQHandler
 .text.DMA4_IRQHandler
                0x20002958        0x8 ./startup/startup_mimxrt1011.o
                0x20002958                DMA4_IRQHandler
 .text.DMA5_IRQHandler
                0x20002960        0x8 ./startup/startup_mimxrt1011.o
                0x20002960                DMA5_IRQHandler
 .text.DMA6_IRQHandler
                0x20002968        0x8 ./startup/startup_mimxrt1011.o
                0x20002968                DMA6_IRQHandler
 .text.DMA7_IRQHandler
                0x20002970        0x8 ./startup/startup_mimxrt1011.o
                0x20002970                DMA7_IRQHandler
 .text.DMA8_IRQHandler
                0x20002978        0x8 ./startup/startup_mimxrt1011.o
                0x20002978                DMA8_IRQHandler
 .text.DMA9_IRQHandler
                0x20002980        0x8 ./startup/startup_mimxrt1011.o
                0x20002980                DMA9_IRQHandler
 .text.DMA10_IRQHandler
                0x20002988        0x8 ./startup/startup_mimxrt1011.o
                0x20002988                DMA10_IRQHandler
 .text.DMA11_IRQHandler
                0x20002990        0x8 ./startup/startup_mimxrt1011.o
                0x20002990                DMA11_IRQHandler
 .text.DMA12_IRQHandler
                0x20002998        0x8 ./startup/startup_mimxrt1011.o
                0x20002998                DMA12_IRQHandler
 .text.DMA13_IRQHandler
                0x200029a0        0x8 ./startup/startup_mimxrt1011.o
                0x200029a0                DMA13_IRQHandler
 .text.DMA14_IRQHandler
                0x200029a8        0x8 ./startup/startup_mimxrt1011.o
                0x200029a8                DMA14_IRQHandler
 .text.DMA15_IRQHandler
                0x200029b0        0x8 ./startup/startup_mimxrt1011.o
                0x200029b0                DMA15_IRQHandler
 .text.DMA_ERROR_IRQHandler
                0x200029b8        0x8 ./startup/startup_mimxrt1011.o
                0x200029b8                DMA_ERROR_IRQHandler
 .text.CTI0_ERROR_IRQHandler
                0x200029c0        0x8 ./startup/startup_mimxrt1011.o
                0x200029c0                CTI0_ERROR_IRQHandler
 .text.CTI1_ERROR_IRQHandler
                0x200029c8        0x8 ./startup/startup_mimxrt1011.o
                0x200029c8                CTI1_ERROR_IRQHandler
 .text.CORE_IRQHandler
                0x200029d0        0x8 ./startup/startup_mimxrt1011.o
                0x200029d0                CORE_IRQHandler
 .text.LPUART1_IRQHandler
                0x200029d8        0x8 ./startup/startup_mimxrt1011.o
                0x200029d8                LPUART1_IRQHandler
 .text.LPUART2_IRQHandler
                0x200029e0        0x8 ./startup/startup_mimxrt1011.o
                0x200029e0                LPUART2_IRQHandler
 .text.LPUART3_IRQHandler
                0x200029e8        0x8 ./startup/startup_mimxrt1011.o
                0x200029e8                LPUART3_IRQHandler
 .text.LPUART4_IRQHandler
                0x200029f0        0x8 ./startup/startup_mimxrt1011.o
                0x200029f0                LPUART4_IRQHandler
 .text.PIT_IRQHandler
                0x200029f8        0x8 ./startup/startup_mimxrt1011.o
                0x200029f8                PIT_IRQHandler
 .text.USB_OTG1_IRQHandler
                0x20002a00        0x8 ./startup/startup_mimxrt1011.o
                0x20002a00                USB_OTG1_IRQHandler
 .text.FLEXSPI_IRQHandler
                0x20002a08        0x8 ./startup/startup_mimxrt1011.o
                0x20002a08                FLEXSPI_IRQHandler
 .text.FLEXRAM_IRQHandler
                0x20002a10        0x8 ./startup/startup_mimxrt1011.o
                0x20002a10                FLEXRAM_IRQHandler
 .text.LPI2C1_IRQHandler
                0x20002a18        0x8 ./startup/startup_mimxrt1011.o
                0x20002a18                LPI2C1_IRQHandler
 .text.LPI2C2_IRQHandler
                0x20002a20        0x8 ./startup/startup_mimxrt1011.o
                0x20002a20                LPI2C2_IRQHandler
 .text.GPT1_IRQHandler
                0x20002a28        0x8 ./startup/startup_mimxrt1011.o
                0x20002a28                GPT1_IRQHandler
 .text.GPT2_IRQHandler
                0x20002a30        0x8 ./startup/startup_mimxrt1011.o
                0x20002a30                GPT2_IRQHandler
 .text.LPSPI1_IRQHandler
                0x20002a38        0x8 ./startup/startup_mimxrt1011.o
                0x20002a38                LPSPI1_IRQHandler
 .text.LPSPI2_IRQHandler
                0x20002a40        0x8 ./startup/startup_mimxrt1011.o
                0x20002a40                LPSPI2_IRQHandler
 .text.PWM1_0_IRQHandler
                0x20002a48        0x8 ./startup/startup_mimxrt1011.o
                0x20002a48                PWM1_0_IRQHandler
 .text.PWM1_1_IRQHandler
                0x20002a50        0x8 ./startup/startup_mimxrt1011.o
                0x20002a50                PWM1_1_IRQHandler
 .text.PWM1_2_IRQHandler
                0x20002a58        0x8 ./startup/startup_mimxrt1011.o
                0x20002a58                PWM1_2_IRQHandler
 .text.PWM1_3_IRQHandler
                0x20002a60        0x8 ./startup/startup_mimxrt1011.o
                0x20002a60                PWM1_3_IRQHandler
 .text.PWM1_FAULT_IRQHandler
                0x20002a68        0x8 ./startup/startup_mimxrt1011.o
                0x20002a68                PWM1_FAULT_IRQHandler
 .text.KPP_IRQHandler
                0x20002a70        0x8 ./startup/startup_mimxrt1011.o
                0x20002a70                KPP_IRQHandler
 .text.SRC_IRQHandler
                0x20002a78        0x8 ./startup/startup_mimxrt1011.o
                0x20002a78                SRC_IRQHandler
 .text.GPR_IRQ_IRQHandler
                0x20002a80        0x8 ./startup/startup_mimxrt1011.o
                0x20002a80                GPR_IRQ_IRQHandler
 .text.CCM_1_IRQHandler
                0x20002a88        0x8 ./startup/startup_mimxrt1011.o
                0x20002a88                CCM_1_IRQHandler
 .text.CCM_2_IRQHandler
                0x20002a90        0x8 ./startup/startup_mimxrt1011.o
                0x20002a90                CCM_2_IRQHandler
 .text.EWM_IRQHandler
                0x20002a98        0x8 ./startup/startup_mimxrt1011.o
                0x20002a98                EWM_IRQHandler
 .text.WDOG2_IRQHandler
                0x20002aa0        0x8 ./startup/startup_mimxrt1011.o
                0x20002aa0                WDOG2_IRQHandler
 .text.SNVS_HP_WRAPPER_IRQHandler
                0x20002aa8        0x8 ./startup/startup_mimxrt1011.o
                0x20002aa8                SNVS_HP_WRAPPER_IRQHandler
 .text.SNVS_HP_WRAPPER_TZ_IRQHandler
                0x20002ab0        0x8 ./startup/startup_mimxrt1011.o
                0x20002ab0                SNVS_HP_WRAPPER_TZ_IRQHandler
 .text.SNVS_LP_WRAPPER_IRQHandler
                0x20002ab8        0x8 ./startup/startup_mimxrt1011.o
                0x20002ab8                SNVS_LP_WRAPPER_IRQHandler
 .text.CSU_IRQHandler
                0x20002ac0        0x8 ./startup/startup_mimxrt1011.o
                0x20002ac0                CSU_IRQHandler
 .text.DCP_IRQHandler
                0x20002ac8        0x8 ./startup/startup_mimxrt1011.o
                0x20002ac8                DCP_IRQHandler
 .text.DCP_VMI_IRQHandler
                0x20002ad0        0x8 ./startup/startup_mimxrt1011.o
                0x20002ad0                DCP_VMI_IRQHandler
 .text.Reserved68_IRQHandler
                0x20002ad8        0x8 ./startup/startup_mimxrt1011.o
                0x20002ad8                Reserved68_IRQHandler
 .text.TRNG_IRQHandler
                0x20002ae0        0x8 ./startup/startup_mimxrt1011.o
                0x20002ae0                TRNG_IRQHandler
 .text.Reserved70_IRQHandler
                0x20002ae8        0x8 ./startup/startup_mimxrt1011.o
                0x20002ae8                Reserved70_IRQHandler
 .text.Reserved71_IRQHandler
                0x20002af0        0x8 ./startup/startup_mimxrt1011.o
                0x20002af0                Reserved71_IRQHandler
 .text.SAI1_IRQHandler
                0x20002af8        0x8 ./startup/startup_mimxrt1011.o
                0x20002af8                SAI1_IRQHandler
 .text.RTWDOG_IRQHandler
                0x20002b00        0x8 ./startup/startup_mimxrt1011.o
                0x20002b00                RTWDOG_IRQHandler
 .text.SAI3_RX_IRQHandler
                0x20002b08        0x8 ./startup/startup_mimxrt1011.o
                0x20002b08                SAI3_RX_IRQHandler
 .text.SAI3_TX_IRQHandler
                0x20002b10        0x8 ./startup/startup_mimxrt1011.o
                0x20002b10                SAI3_TX_IRQHandler
 .text.SPDIF_IRQHandler
                0x20002b18        0x8 ./startup/startup_mimxrt1011.o
                0x20002b18                SPDIF_IRQHandler
 .text.PMU_IRQHandler
                0x20002b20        0x8 ./startup/startup_mimxrt1011.o
                0x20002b20                PMU_IRQHandler
 .text.XBAR1_IRQ_0_1_2_3_IRQHandler
                0x20002b28        0x8 ./startup/startup_mimxrt1011.o
                0x20002b28                XBAR1_IRQ_0_1_2_3_IRQHandler
 .text.TEMP_LOW_HIGH_IRQHandler
                0x20002b30        0x8 ./startup/startup_mimxrt1011.o
                0x20002b30                TEMP_LOW_HIGH_IRQHandler
 .text.TEMP_PANIC_IRQHandler
                0x20002b38        0x8 ./startup/startup_mimxrt1011.o
                0x20002b38                TEMP_PANIC_IRQHandler
 .text.USB_PHY_IRQHandler
                0x20002b40        0x8 ./startup/startup_mimxrt1011.o
                0x20002b40                USB_PHY_IRQHandler
 .text.GPC_IRQHandler
                0x20002b48        0x8 ./startup/startup_mimxrt1011.o
                0x20002b48                GPC_IRQHandler
 .text.ADC1_IRQHandler
                0x20002b50        0x8 ./startup/startup_mimxrt1011.o
                0x20002b50                ADC1_IRQHandler
 .text.FLEXIO1_IRQHandler
                0x20002b58        0x8 ./startup/startup_mimxrt1011.o
                0x20002b58                FLEXIO1_IRQHandler
 .text.DCDC_IRQHandler
                0x20002b60        0x8 ./startup/startup_mimxrt1011.o
                0x20002b60                DCDC_IRQHandler
 .text.GPIO1_Combined_0_15_IRQHandler
                0x20002b68        0x8 ./startup/startup_mimxrt1011.o
                0x20002b68                GPIO1_Combined_0_15_IRQHandler
 .text.GPIO1_Combined_16_31_IRQHandler
                0x20002b70        0x8 ./startup/startup_mimxrt1011.o
                0x20002b70                GPIO1_Combined_16_31_IRQHandler
 .text.GPIO2_Combined_0_15_IRQHandler
                0x20002b78        0x8 ./startup/startup_mimxrt1011.o
                0x20002b78                GPIO2_Combined_0_15_IRQHandler
 .text.GPIO5_Combined_0_15_IRQHandler
                0x20002b80        0x8 ./startup/startup_mimxrt1011.o
                0x20002b80                GPIO5_Combined_0_15_IRQHandler
 .text.WDOG1_IRQHandler
                0x20002b88        0x8 ./startup/startup_mimxrt1011.o
                0x20002b88                WDOG1_IRQHandler
 .text.ADC_ETC_IRQ0_IRQHandler
                0x20002b90        0x8 ./startup/startup_mimxrt1011.o
                0x20002b90                ADC_ETC_IRQ0_IRQHandler
 .text.ADC_ETC_IRQ1_IRQHandler
                0x20002b98        0x8 ./startup/startup_mimxrt1011.o
                0x20002b98                ADC_ETC_IRQ1_IRQHandler
 .text.ADC_ETC_IRQ2_IRQHandler
                0x20002ba0        0x8 ./startup/startup_mimxrt1011.o
                0x20002ba0                ADC_ETC_IRQ2_IRQHandler
 .text.ADC_ETC_IRQ3_IRQHandler
                0x20002ba8        0x8 ./startup/startup_mimxrt1011.o
                0x20002ba8                ADC_ETC_IRQ3_IRQHandler
 .text.ADC_ETC_ERROR_IRQ_IRQHandler
                0x20002bb0        0x8 ./startup/startup_mimxrt1011.o
                0x20002bb0                ADC_ETC_ERROR_IRQ_IRQHandler
 .text.PCA9685Write8BitReg
                0x20002bb8       0x22 ./source/PCA9685_Driver/PCA9685.o
                0x20002bb8                PCA9685Write8BitReg
 .text.PCA9685WriteDataBlock
                0x20002bda       0x28 ./source/PCA9685_Driver/PCA9685.o
                0x20002bda                PCA9685WriteDataBlock
 .text.PCA9685SetChannel
                0x20002c02       0x56 ./source/PCA9685_Driver/PCA9685.o
                0x20002c02                PCA9685SetChannel
 .text.PCA9685SetChannelsAsBlock
                0x20002c58       0xec ./source/PCA9685_Driver/PCA9685.o
                0x20002c58                PCA9685SetChannelsAsBlock
 .text.HardFault_Handler
                0x20002d44       0x2c ./source/semihost_hardfault.o
                0x20002d44                HardFault_Handler
 .text.CLOCK_EnableClock
                0x20002d70       0x1e ./drivers/fsl_gpio.o
 .text.GPIO_SetPinInterruptConfig
                0x20002d8e       0x22 ./drivers/fsl_gpio.o
 .text.CLOCK_EnableClock
                0x20002db0       0x1e ./drivers/fsl_lpi2c.o
 .text.EnableIRQ
                0x20002dce       0x32 ./drivers/fsl_lpi2c.o
 .text.LPI2C_MasterReset
                0x20002e00       0x20 ./drivers/fsl_lpi2c.o
 .text.LPI2C_MasterEnable
                0x20002e20       0x28 ./drivers/fsl_lpi2c.o
 .text.LPI2C_MasterGetStatusFlags
                0x20002e48       0x18 ./drivers/fsl_lpi2c.o
 .text.LPI2C_MasterClearStatusFlags
                0x20002e60       0x1c ./drivers/fsl_lpi2c.o
 .text.LPI2C_MasterDisableInterrupts
                0x20002e7c       0x24 ./drivers/fsl_lpi2c.o
 .text.LPI2C_MasterSetWatermarks
                0x20002ea0       0x2c ./drivers/fsl_lpi2c.o
 .text.LPI2C_MasterGetFifoCounts
                0x20002ecc       0x3e ./drivers/fsl_lpi2c.o
 .text.LPI2C_MasterCheckAndClearError
                0x20002f0a       0x80 ./drivers/fsl_lpi2c.o
                0x20002f0a                LPI2C_MasterCheckAndClearError
 .text.LPI2C_MasterWaitForTxReady
                0x20002f8a       0x52 ./drivers/fsl_lpi2c.o
 .text.LPI2C_CheckForBusyBus
                0x20002fdc       0x38 ./drivers/fsl_lpi2c.o
                0x20002fdc                LPI2C_CheckForBusyBus
 .text.LPI2C_MasterStart
                0x20003014       0x5c ./drivers/fsl_lpi2c.o
                0x20003014                LPI2C_MasterStart
 .text.LPI2C_MasterStop
                0x20003070       0x62 ./drivers/fsl_lpi2c.o
                0x20003070                LPI2C_MasterStop
 .text.LPI2C_MasterTransferAbort
                0x200030d2       0x3e ./drivers/fsl_lpi2c.o
                0x200030d2                LPI2C_MasterTransferAbort
 .text.LPI2C_MasterTransferHandleIRQ
                0x20003110       0xa4 ./drivers/fsl_lpi2c.o
                0x20003110                LPI2C_MasterTransferHandleIRQ
 .text.SystemInitHook
                0x200031b4        0xe ./device/system_MIMXRT1011.o
                0x200031b4                SystemInitHook
 .text.BOARD_ConfigMPU
                0x200031c2        0xe ./board/board.o
                0x200031c2                BOARD_ConfigMPU
 .text.CLOCK_DisableClock
                0x200031d0       0x1e ./board/clock_config.o
 .text.CLOCK_SetPllBypass
                0x200031ee       0x4e ./board/clock_config.o
 .text.IOMUXC_SetSaiMClkClockSource
                0x2000323c       0x6c ./board/clock_config.o
 .text.BOARD_InitBootClocks
                0x200032a8        0xc ./board/clock_config.o
                0x200032a8                BOARD_InitBootClocks
 .text.BOARD_InitPeripherals
                0x200032b4        0xc ./board/peripherals.o
                0x200032b4                BOARD_InitPeripherals
 .text.BOARD_InitBootPeripherals
                0x200032c0        0xc ./board/peripherals.o
                0x200032c0                BOARD_InitBootPeripherals
 .text.CLOCK_EnableClock
                0x200032cc       0x1e ./board/pin_mux.o
 .text.IOMUXC_SetPinMux
                0x200032ea       0x3a ./board/pin_mux.o
 .text.IOMUXC_SetPinConfig
                0x20003324       0x26 ./board/pin_mux.o
 .text.BOARD_InitBootPins
                0x2000334a        0xc ./board/pin_mux.o
                0x2000334a                BOARD_InitBootPins
 .text.__main   0x20003356        0xe c:/nxp/mcuxpressoide_11.3.0_5222/ide/plugins/com.nxp.mcuxpresso.tools.win32_11.3.0.202008311133/tools/bin/../lib/gcc/arm-none-eabi/9.3.1/../../../../arm-none-eabi/lib/thumb/v7e-m+fp/hard\libcr_semihost_nf.a(_cr__main.o)
                0x20003356                __CR_SEMIHOST
                0x20003356                __main
 .text.memset   0x20003364        0x4 c:/nxp/mcuxpressoide_11.3.0_5222/ide/plugins/com.nxp.mcuxpresso.tools.win32_11.3.0.202008311133/tools/bin/../lib/gcc/arm-none-eabi/9.3.1/../../../../arm-none-eabi/lib/thumb/v7e-m+fp/hard\libcr_c.a(memset.o)
                0x20003364                memset
 .text._deferredlazyseek
                0x20003368       0x40 c:/nxp/mcuxpressoide_11.3.0_5222/ide/plugins/com.nxp.mcuxpresso.tools.win32_11.3.0.202008311133/tools/bin/../lib/gcc/arm-none-eabi/9.3.1/../../../../arm-none-eabi/lib/thumb/v7e-m+fp/hard\libcr_c.a(_deferredlazyseek.o)
                0x20003368                _deferredlazyseek
 .text.__flsbuf
                0x200033a8      0x140 c:/nxp/mcuxpressoide_11.3.0_5222/ide/plugins/com.nxp.mcuxpresso.tools.win32_11.3.0.202008311133/tools/bin/../lib/gcc/arm-none-eabi/9.3.1/../../../../arm-none-eabi/lib/thumb/v7e-m+fp/hard\libcr_c.a(_deferredlazyseek.o)
                0x200033a8                __flsbuf
 .text._fflush  0x200034e8       0x52 c:/nxp/mcuxpressoide_11.3.0_5222/ide/plugins/com.nxp.mcuxpresso.tools.win32_11.3.0.202008311133/tools/bin/../lib/gcc/arm-none-eabi/9.3.1/../../../../arm-none-eabi/lib/thumb/v7e-m+fp/hard\libcr_c.a(_fflush.o)
                0x200034e8                _fflush
 .text.free     0x2000353a       0x30 c:/nxp/mcuxpressoide_11.3.0_5222/ide/plugins/com.nxp.mcuxpresso.tools.win32_11.3.0.202008311133/tools/bin/../lib/gcc/arm-none-eabi/9.3.1/../../../../arm-none-eabi/lib/thumb/v7e-m+fp/hard\libcr_c.a(alloc.o)
                0x2000353a                free
 .text.fputs    0x2000356a       0x2c c:/nxp/mcuxpressoide_11.3.0_5222/ide/plugins/com.nxp.mcuxpresso.tools.win32_11.3.0.202008311133/tools/bin/../lib/gcc/arm-none-eabi/9.3.1/../../../../arm-none-eabi/lib/thumb/v7e-m+fp/hard\libcr_c.a(fputs.o)
                0x2000356a                fputs
 .text.setvbuf  0x20003596       0x3e c:/nxp/mcuxpressoide_11.3.0_5222/ide/plugins/com.nxp.mcuxpresso.tools.win32_11.3.0.202008311133/tools/bin/../lib/gcc/arm-none-eabi/9.3.1/../../../../arm-none-eabi/lib/thumb/v7e-m+fp/hard\libcr_c.a(setvbuf.o)
                0x20003596                setvbuf
 .text._fdopen  0x200035d4       0x68 c:/nxp/mcuxpressoide_11.3.0_5222/ide/plugins/com.nxp.mcuxpresso.tools.win32_11.3.0.202008311133/tools/bin/../lib/gcc/arm-none-eabi/9.3.1/../../../../arm-none-eabi/lib/thumb/v7e-m+fp/hard\libcr_c.a(_fdopen.o)
                0x200035d4                _fdopen
 .text.fclose   0x2000363c       0x58 c:/nxp/mcuxpressoide_11.3.0_5222/ide/plugins/com.nxp.mcuxpresso.tools.win32_11.3.0.202008311133/tools/bin/../lib/gcc/arm-none-eabi/9.3.1/../../../../arm-none-eabi/lib/thumb/v7e-m+fp/hard\libcr_c.a(fclose.o)
                0x2000363c                fclose
 .text.remove   0x20003694       0x14 c:/nxp/mcuxpressoide_11.3.0_5222/ide/plugins/com.nxp.mcuxpresso.tools.win32_11.3.0.202008311133/tools/bin/../lib/gcc/arm-none-eabi/9.3.1/../../../../arm-none-eabi/lib/thumb/v7e-m+fp/hard\libcr_c.a(remove.o)
                0x20003694                remove
 .text.strlen   0x200036a8       0x4c c:/nxp/mcuxpressoide_11.3.0_5222/ide/plugins/com.nxp.mcuxpresso.tools.win32_11.3.0.202008311133/tools/bin/../lib/gcc/arm-none-eabi/9.3.1/../../../../arm-none-eabi/lib/thumb/v7e-m+fp/hard\libcr_c.a(strlen.o)
                0x200036a8                strlen
 .text._do_fflush
                0x200036f4       0x40 c:/nxp/mcuxpressoide_11.3.0_5222/ide/plugins/com.nxp.mcuxpresso.tools.win32_11.3.0.202008311133/tools/bin/../lib/gcc/arm-none-eabi/9.3.1/../../../../arm-none-eabi/lib/thumb/v7e-m+fp/hard\libcr_c.a(_do_fflush.o)
                0x200036f4                _do_fflush
 .text.__aeabi_dcmpgt
                0x20003734       0x56 c:/nxp/mcuxpressoide_11.3.0_5222/ide/plugins/com.nxp.mcuxpresso.tools.win32_11.3.0.202008311133/tools/bin/../lib/gcc/arm-none-eabi/9.3.1/thumb/v7e-m+fp/hard\libcr_eabihelpers.a(double.o)
                0x20003734                __aeabi_dcmpgt
 .text.__aeabi_memset_lowlevel
                0x2000378a       0x32 c:/nxp/mcuxpressoide_11.3.0_5222/ide/plugins/com.nxp.mcuxpresso.tools.win32_11.3.0.202008311133/tools/bin/../lib/gcc/arm-none-eabi/9.3.1/thumb/v7e-m+fp/hard\libcr_eabihelpers.a(memcpy.o)
                0x2000378a                __aeabi_lowlevel_memset
 .text.__sys_close
                0x200037bc        0xc c:/nxp/mcuxpressoide_11.3.0_5222/ide/plugins/com.nxp.mcuxpresso.tools.win32_11.3.0.202008311133/tools/bin/../lib/gcc/arm-none-eabi/9.3.1/../../../../arm-none-eabi/lib/thumb/v7e-m+fp/hard\libcr_semihost_nf.a(__sys_close.o)
                0x200037bc                __sys_close
 .text.__sys_flen
                0x200037c8        0xc c:/nxp/mcuxpressoide_11.3.0_5222/ide/plugins/com.nxp.mcuxpresso.tools.win32_11.3.0.202008311133/tools/bin/../lib/gcc/arm-none-eabi/9.3.1/../../../../arm-none-eabi/lib/thumb/v7e-m+fp/hard\libcr_semihost_nf.a(__sys_flen.o)
                0x200037c8                __sys_flen
 .text.__sys_istty
                0x200037d4        0xc c:/nxp/mcuxpressoide_11.3.0_5222/ide/plugins/com.nxp.mcuxpresso.tools.win32_11.3.0.202008311133/tools/bin/../lib/gcc/arm-none-eabi/9.3.1/../../../../arm-none-eabi/lib/thumb/v7e-m+fp/hard\libcr_semihost_nf.a(__sys_istty.o)
                0x200037d4                __sys_istty
 .text.__sys_remove
                0x200037e0        0xc c:/nxp/mcuxpressoide_11.3.0_5222/ide/plugins/com.nxp.mcuxpresso.tools.win32_11.3.0.202008311133/tools/bin/../lib/gcc/arm-none-eabi/9.3.1/../../../../arm-none-eabi/lib/thumb/v7e-m+fp/hard\libcr_semihost_nf.a(__sys_remove.o)
                0x200037e0                __sys_remove
 .text.__sys_seek
                0x200037ec        0xc c:/nxp/mcuxpressoide_11.3.0_5222/ide/plugins/com.nxp.mcuxpresso.tools.win32_11.3.0.202008311133/tools/bin/../lib/gcc/arm-none-eabi/9.3.1/../../../../arm-none-eabi/lib/thumb/v7e-m+fp/hard\libcr_semihost_nf.a(__sys_seek.o)
                0x200037ec                __sys_seek
 .text.__sys_tmpnam
                0x200037f8        0xc c:/nxp/mcuxpressoide_11.3.0_5222/ide/plugins/com.nxp.mcuxpresso.tools.win32_11.3.0.202008311133/tools/bin/../lib/gcc/arm-none-eabi/9.3.1/../../../../arm-none-eabi/lib/thumb/v7e-m+fp/hard\libcr_semihost_nf.a(__sys_tmpnam.o)
                0x200037f8                __sys_tmpnam
 .text.__sys_write
                0x20003804        0xc c:/nxp/mcuxpressoide_11.3.0_5222/ide/plugins/com.nxp.mcuxpresso.tools.win32_11.3.0.202008311133/tools/bin/../lib/gcc/arm-none-eabi/9.3.1/../../../../arm-none-eabi/lib/thumb/v7e-m+fp/hard\libcr_semihost_nf.a(__sys_write.o)
                0x20003804                __sys_write
 *(SORT_BY_ALIGNMENT(.rodata) SORT_BY_ALIGNMENT(.rodata.*) SORT_BY_ALIGNMENT(.constdata) SORT_BY_ALIGNMENT(.constdata.*))
 .rodata.CLOCK_InitExternalClk.str1.4
                0x20003810       0x22 ./drivers/fsl_clock.o
 *fill*         0x20003832        0x2 ff
 .rodata.CLOCK_ControlGate.str1.4
                0x20003834       0x20 ./drivers/fsl_gpio.o
 .rodata.s_gpioBases
                0x20003854       0x18 ./drivers/fsl_gpio.o
 .rodata.s_gpioClock
                0x2000386c        0xc ./drivers/fsl_gpio.o
 .rodata.GPIO_GetInstance.str1.4
                0x20003878       0x34 ./drivers/fsl_gpio.o
 .rodata.GPIO_PinWrite.str1.4
                0x200038ac       0x1c ./drivers/fsl_gpio.o
 .rodata.CLOCK_ControlGate.str1.4
                0x200038c8       0x20 ./drivers/fsl_lpi2c.o
 .rodata.kLpi2cBases
                0x200038c8        0xc ./drivers/fsl_lpi2c.o
 .rodata.kLpi2cIrqs
                0x200038d4        0x3 ./drivers/fsl_lpi2c.o
 *fill*         0x200038d7        0x1 ff
 .rodata.kLpi2cClocks
                0x200038d8        0x6 ./drivers/fsl_lpi2c.o
 *fill*         0x200038de        0x2 ff
 .rodata.LPI2C_GetInstance.str1.4
                0x200038e0       0x36 ./drivers/fsl_lpi2c.o
 *fill*         0x20003916        0x2 ff
 .rodata.LPI2C_GetCyclesForWidth.str1.4
                0x20003918       0x4a ./drivers/fsl_lpi2c.o
 *fill*         0x20003962        0x2 ff
 .rodata.LPI2C_MasterSend.str1.4
                0x20003964       0x22 ./drivers/fsl_lpi2c.o
 *fill*         0x20003986        0x2 ff
 .rodata.LPI2C_MasterTransferCreateHandle.str1.4
                0x20003988       0x22 ./drivers/fsl_lpi2c.o
 *fill*         0x200039aa        0x2 ff
 .rodata.LPI2C_RunTransferStateMachine.str1.4
                0x200039ac       0x1a ./drivers/fsl_lpi2c.o
 *fill*         0x200039c6        0x2 ff
 .rodata.CLOCK_SetMux.str1.4
                0x200039c8       0xa1 ./board/clock_config.o
 *fill*         0x20003a69        0x3 ff
 .rodata.CLOCK_SetDiv.str1.4
                0x20003a6c       0xa1 ./board/clock_config.o
 *fill*         0x20003b0d        0x3 ff
 .rodata.CLOCK_ControlGate.str1.4
                0x20003b10       0x90 ./board/clock_config.o
 .rodata.sysPllConfig_BOARD_BootClockRUN
                0x20003ba0       0x14 ./board/clock_config.o
                0x20003ba0                sysPllConfig_BOARD_BootClockRUN
 .rodata.enetPllConfig_BOARD_BootClockRUN
                0x20003bb4        0x5 ./board/clock_config.o
                0x20003bb4                enetPllConfig_BOARD_BootClockRUN
 .rodata.CLOCK_ControlGate.str1.4
                0x20003bb9       0x90 ./board/pin_mux.o
 *fill*         0x20003bb9        0x3 ff
 .rodata.__num_Ciob_streams
                0x20003bbc        0x4 c:/nxp/mcuxpressoide_11.3.0_5222/ide/plugins/com.nxp.mcuxpresso.tools.win32_11.3.0.202008311133/tools/bin/../lib/gcc/arm-none-eabi/9.3.1/../../../../arm-none-eabi/lib/thumb/v7e-m+fp/hard\libcr_semihost_nf.a(__ciob.o)
                0x20003bbc                __num_Ciob_streams
 .rodata.__assertion_failed.str1.1
                0x20003bc0       0x15 c:/nxp/mcuxpressoide_11.3.0_5222/ide/plugins/com.nxp.mcuxpresso.tools.win32_11.3.0.202008311133/tools/bin/../lib/gcc/arm-none-eabi/9.3.1/../../../../arm-none-eabi/lib/thumb/v7e-m+fp/hard\libcr_semihost_nf.a(_cr_assert.o)
 .rodata._Csys_alloc.str1.1
                0x20003bd5       0x18 c:/nxp/mcuxpressoide_11.3.0_5222/ide/plugins/com.nxp.mcuxpresso.tools.win32_11.3.0.202008311133/tools/bin/../lib/gcc/arm-none-eabi/9.3.1/../../../../arm-none-eabi/lib/thumb/v7e-m+fp/hard\libcr_c.a(alloc.o)
 .rodata._initio.str1.1
                0x20003bed        0x4 c:/nxp/mcuxpressoide_11.3.0_5222/ide/plugins/com.nxp.mcuxpresso.tools.win32_11.3.0.202008311133/tools/bin/../lib/gcc/arm-none-eabi/9.3.1/../../../../arm-none-eabi/lib/thumb/v7e-m+fp/hard\libcr_c.a(initio.o)
                0x20003bf4                . = ALIGN (0x4)
 *fill*         0x20003bf1        0x3 ff

.glue_7         0x20003bf4        0x0
 .glue_7        0x20003bf4        0x0 linker stubs

.glue_7t        0x20003bf4        0x0
 .glue_7t       0x20003bf4        0x0 linker stubs

.vfp11_veneer   0x20003bf4        0x0
 .vfp11_veneer  0x20003bf4        0x0 linker stubs

.v4_bx          0x20003bf4        0x0
 .v4_bx         0x20003bf4        0x0 linker stubs

.iplt           0x20003bf4        0x0
 .iplt          0x20003bf4        0x0 ./startup/startup_mimxrt1011.o

.rel.dyn        0x20003bf4        0x0
 .rel.iplt      0x20003bf4        0x0 ./startup/startup_mimxrt1011.o

.ARM.extab
 *(SORT_BY_ALIGNMENT(.ARM.extab*) SORT_BY_ALIGNMENT(.gnu.linkonce.armextab.*))

.ARM.exidx      0x20003bf4        0x0
                0x20003bf4                __exidx_start = .
 *(SORT_BY_ALIGNMENT(.ARM.exidx*) SORT_BY_ALIGNMENT(.gnu.linkonce.armexidx.*))
                0x20003bf4                __exidx_end = .
                0x20003bf4                _etext = .

.data_RAM2      0x00000000        0x0 load address 0x20003bf4
 FILL mask 0xff
                [!provide]                PROVIDE (__start_data_RAM2 = .)
                [!provide]                PROVIDE (__start_data_SRAM_ITC = .)
 *(SORT_BY_ALIGNMENT(.ramfunc.$RAM2))
 *(SORT_BY_ALIGNMENT(.ramfunc.$SRAM_ITC))
 *(SORT_BY_ALIGNMENT(.data.$RAM2))
 *(SORT_BY_ALIGNMENT(.data.$SRAM_ITC))
 *(SORT_BY_ALIGNMENT(.data.$RAM2.*))
 *(SORT_BY_ALIGNMENT(.data.$SRAM_ITC.*))
                0x00000000                . = ALIGN (0x4)
                [!provide]                PROVIDE (__end_data_RAM2 = .)
                [!provide]                PROVIDE (__end_data_SRAM_ITC = .)

.data_RAM3      0x20200000        0x0 load address 0x20003bf4
 FILL mask 0xff
                [!provide]                PROVIDE (__start_data_RAM3 = .)
                [!provide]                PROVIDE (__start_data_SRAM_OC = .)
 *(SORT_BY_ALIGNMENT(.ramfunc.$RAM3))
 *(SORT_BY_ALIGNMENT(.ramfunc.$SRAM_OC))
 *(SORT_BY_ALIGNMENT(.data.$RAM3))
 *(SORT_BY_ALIGNMENT(.data.$SRAM_OC))
 *(SORT_BY_ALIGNMENT(.data.$RAM3.*))
 *(SORT_BY_ALIGNMENT(.data.$SRAM_OC.*))
                0x20200000                . = ALIGN (0x4)
                [!provide]                PROVIDE (__end_data_RAM3 = .)
                [!provide]                PROVIDE (__end_data_SRAM_OC = .)

.data_RAM4      0x20208000        0x0 load address 0x20003bf4
 FILL mask 0xff
                [!provide]                PROVIDE (__start_data_RAM4 = .)
                [!provide]                PROVIDE (__start_data_NCACHE_REGION = .)
 *(SORT_BY_ALIGNMENT(.ramfunc.$RAM4))
 *(SORT_BY_ALIGNMENT(.ramfunc.$NCACHE_REGION))
 *(SORT_BY_ALIGNMENT(.data.$RAM4))
 *(SORT_BY_ALIGNMENT(.data.$NCACHE_REGION))
 *(SORT_BY_ALIGNMENT(.data.$RAM4.*))
 *(SORT_BY_ALIGNMENT(.data.$NCACHE_REGION.*))
                0x20208000                . = ALIGN (0x4)
                [!provide]                PROVIDE (__end_data_RAM4 = .)
                [!provide]                PROVIDE (__end_data_NCACHE_REGION = .)

.uninit_RESERVED
                0x20003bf4        0x0
                0x20003bf4                _start_uninit_RESERVED = .
 *(SORT_BY_ALIGNMENT(.bss.$RESERVED*))
                0x20003bf4                . = ALIGN (0x4)
                0x20003bf4                _end_uninit_RESERVED = .

.data           0x20003bf4       0x6c
 FILL mask 0xff
                0x20003bf4                _data = .
                [!provide]                PROVIDE (__start_data_RAM = .)
                [!provide]                PROVIDE (__start_data_SRAM_DTC = .)
 *(SORT_BY_ALIGNMENT(vtable))
 *(SORT_BY_ALIGNMENT(.ramfunc*))
 *(SORT_BY_ALIGNMENT(CodeQuickAccess))
 *(SORT_BY_ALIGNMENT(DataQuickAccess))
 *(SORT_BY_ALIGNMENT(RamFunction))
 *(SORT_BY_ALIGNMENT(.data*))
 .data.examplesAttr
                0x20003bf4       0x24 ./source/PCA9685_Driver/examples.o
                0x20003bf4                examplesAttr
 .data.knightRiderAttr
                0x20003c18        0x6 ./source/PCA9685_Driver/examples.o
                0x20003c18                knightRiderAttr
 *fill*         0x20003c1e        0x2 ff
 .data.fadingEffectAttr
                0x20003c20        0x6 ./source/PCA9685_Driver/examples.o
                0x20003c20                fadingEffectAttr
 *fill*         0x20003c26        0x2 ff
 .data.examplesInit
                0x20003c28        0xc ./source/PCA9685_Driver/examples.o
                0x20003c28                examplesInit
 .data.examplesRun
                0x20003c34        0xc ./source/PCA9685_Driver/examples.o
                0x20003c34                examplesRun
 .data.SystemCoreClock
                0x20003c40        0x4 ./device/system_MIMXRT1011.o
                0x20003c40                SystemCoreClock
 .data.LPI2C1_masterConfig
                0x20003c44       0x1c ./board/peripherals.o
                0x20003c44                LPI2C1_masterConfig
                0x20003c60                . = ALIGN (0x4)
                0x20003c60                _edata = .
                [!provide]                PROVIDE (__end_data_RAM = .)
                [!provide]                PROVIDE (__end_data_SRAM_DTC = .)

.igot.plt       0x20003c60        0x0
 .igot.plt      0x20003c60        0x0 ./startup/startup_mimxrt1011.o

.bss_RAM2       0x00000000        0x0
                [!provide]                PROVIDE (__start_bss_RAM2 = .)
                [!provide]                PROVIDE (__start_bss_SRAM_ITC = .)
 *(SORT_BY_ALIGNMENT(.bss.$RAM2))
 *(SORT_BY_ALIGNMENT(.bss.$SRAM_ITC))
 *(SORT_BY_ALIGNMENT(.bss.$RAM2.*))
 *(SORT_BY_ALIGNMENT(.bss.$SRAM_ITC.*))
                0x00000000                . = ALIGN ((. != 0x0)?0x4:0x1)
                [!provide]                PROVIDE (__end_bss_RAM2 = .)
                [!provide]                PROVIDE (__end_bss_SRAM_ITC = .)

.bss_RAM3       0x20200000        0x0
                [!provide]                PROVIDE (__start_bss_RAM3 = .)
                [!provide]                PROVIDE (__start_bss_SRAM_OC = .)
 *(SORT_BY_ALIGNMENT(.bss.$RAM3))
 *(SORT_BY_ALIGNMENT(.bss.$SRAM_OC))
 *(SORT_BY_ALIGNMENT(.bss.$RAM3.*))
 *(SORT_BY_ALIGNMENT(.bss.$SRAM_OC.*))
                0x20200000                . = ALIGN ((. != 0x0)?0x4:0x1)
                [!provide]                PROVIDE (__end_bss_RAM3 = .)
                [!provide]                PROVIDE (__end_bss_SRAM_OC = .)

.bss_RAM4       0x20208000        0x0
                [!provide]                PROVIDE (__start_bss_RAM4 = .)
                [!provide]                PROVIDE (__start_bss_NCACHE_REGION = .)
 *(SORT_BY_ALIGNMENT(.bss.$RAM4))
 *(SORT_BY_ALIGNMENT(.bss.$NCACHE_REGION))
 *(SORT_BY_ALIGNMENT(.bss.$RAM4.*))
 *(SORT_BY_ALIGNMENT(.bss.$NCACHE_REGION.*))
                0x20208000                . = ALIGN ((. != 0x0)?0x4:0x1)
                [!provide]                PROVIDE (__end_bss_RAM4 = .)
                [!provide]                PROVIDE (__end_bss_NCACHE_REGION = .)

.bss            0x20003c60      0x128
                0x20003c60                _bss = .
                [!provide]                PROVIDE (__start_bss_RAM = .)
                [!provide]                PROVIDE (__start_bss_SRAM_DTC = .)
 *(SORT_BY_ALIGNMENT(.bss*))
 .bss.PCA9685Mode1Reg
                0x20003c60        0x1 ./source/PCA9685_Driver/PCA9685.o
                0x20003c60                PCA9685Mode1Reg
 *fill*         0x20003c61        0x3 
 .bss.PCA9685Mode2Reg
                0x20003c64        0x1 ./source/PCA9685_Driver/PCA9685.o
                0x20003c64                PCA9685Mode2Reg
 *fill*         0x20003c65        0x3 
 .bss.i.9225    0x20003c68        0x4 ./source/MIMXRT1011_Project_examples.o
 .bss.g_xtalFreq
                0x20003c6c        0x4 ./drivers/fsl_clock.o
                0x20003c6c                g_xtalFreq
 .bss.s_lpi2cMasterIsr
                0x20003c70        0x4 ./drivers/fsl_lpi2c.o
 .bss.s_lpi2cMasterHandle
                0x20003c74        0xc ./drivers/fsl_lpi2c.o
 .bss.s_lpi2cSlaveIsr
                0x20003c80        0x4 ./drivers/fsl_lpi2c.o
 .bss.s_lpi2cSlaveHandle
                0x20003c84        0xc ./drivers/fsl_lpi2c.o
 .bss.LPI2C1_masterHandle
                0x20003c90       0x38 ./board/peripherals.o
                0x20003c90                LPI2C1_masterHandle
 .bss.__Ciob    0x20003cc8       0xb4 c:/nxp/mcuxpressoide_11.3.0_5222/ide/plugins/com.nxp.mcuxpresso.tools.win32_11.3.0.202008311133/tools/bin/../lib/gcc/arm-none-eabi/9.3.1/../../../../arm-none-eabi/lib/thumb/v7e-m+fp/hard\libcr_semihost_nf.a(__ciob.o)
                0x20003cc8                __Ciob
 .bss.__end_of_heap
                0x20003d7c        0x4 c:/nxp/mcuxpressoide_11.3.0_5222/ide/plugins/com.nxp.mcuxpresso.tools.win32_11.3.0.202008311133/tools/bin/../lib/gcc/arm-none-eabi/9.3.1/../../../../arm-none-eabi/lib/thumb/v7e-m+fp/hard\libcr_c.a(__init_alloc.o)
                0x20003d7c                __end_of_heap
 .bss.__heaps   0x20003d80        0x4 c:/nxp/mcuxpressoide_11.3.0_5222/ide/plugins/com.nxp.mcuxpresso.tools.win32_11.3.0.202008311133/tools/bin/../lib/gcc/arm-none-eabi/9.3.1/../../../../arm-none-eabi/lib/thumb/v7e-m+fp/hard\libcr_c.a(__init_alloc.o)
                0x20003d80                __heaps
 .bss.errno     0x20003d84        0x4 c:/nxp/mcuxpressoide_11.3.0_5222/ide/plugins/com.nxp.mcuxpresso.tools.win32_11.3.0.202008311133/tools/bin/../lib/gcc/arm-none-eabi/9.3.1/../../../../arm-none-eabi/lib/thumb/v7e-m+fp/hard\libcr_c.a(errno.o)
                0x20003d84                errno
 *(SORT_BY_ALIGNMENT(COMMON))
                0x20003d88                . = ALIGN (0x4)
                0x20003d88                _ebss = .
                [!provide]                PROVIDE (__end_bss_RAM = .)
                [!provide]                PROVIDE (__end_bss_SRAM_DTC = .)
                [!provide]                PROVIDE (end = .)

.noinit_RAM2    0x00000000        0x0
                [!provide]                PROVIDE (__start_noinit_RAM2 = .)
                [!provide]                PROVIDE (__start_noinit_SRAM_ITC = .)
 *(SORT_BY_ALIGNMENT(.noinit.$RAM2))
 *(SORT_BY_ALIGNMENT(.noinit.$SRAM_ITC))
 *(SORT_BY_ALIGNMENT(.noinit.$RAM2.*))
 *(SORT_BY_ALIGNMENT(.noinit.$SRAM_ITC.*))
                0x00000000                . = ALIGN (0x4)
                [!provide]                PROVIDE (__end_noinit_RAM2 = .)
                [!provide]                PROVIDE (__end_noinit_SRAM_ITC = .)

.noinit_RAM3    0x20200000        0x0
                [!provide]                PROVIDE (__start_noinit_RAM3 = .)
                [!provide]                PROVIDE (__start_noinit_SRAM_OC = .)
 *(SORT_BY_ALIGNMENT(.noinit.$RAM3))
 *(SORT_BY_ALIGNMENT(.noinit.$SRAM_OC))
 *(SORT_BY_ALIGNMENT(.noinit.$RAM3.*))
 *(SORT_BY_ALIGNMENT(.noinit.$SRAM_OC.*))
                0x20200000                . = ALIGN (0x4)
                [!provide]                PROVIDE (__end_noinit_RAM3 = .)
                [!provide]                PROVIDE (__end_noinit_SRAM_OC = .)

.noinit_RAM4    0x20208000        0x0
                [!provide]                PROVIDE (__start_noinit_RAM4 = .)
                [!provide]                PROVIDE (__start_noinit_NCACHE_REGION = .)
 *(SORT_BY_ALIGNMENT(.noinit.$RAM4))
 *(SORT_BY_ALIGNMENT(.noinit.$NCACHE_REGION))
 *(SORT_BY_ALIGNMENT(.noinit.$RAM4.*))
 *(SORT_BY_ALIGNMENT(.noinit.$NCACHE_REGION.*))
                0x20208000                . = ALIGN (0x4)
                [!provide]                PROVIDE (__end_noinit_RAM4 = .)
                [!provide]                PROVIDE (__end_noinit_NCACHE_REGION = .)

.noinit         0x20003d88        0x0
                0x20003d88                _noinit = .
                [!provide]                PROVIDE (__start_noinit_RAM = .)
                [!provide]                PROVIDE (__start_noinit_SRAM_DTC = .)
 *(SORT_BY_ALIGNMENT(.noinit*))
                0x20003d88                . = ALIGN (0x4)
                0x20003d88                _end_noinit = .
                [!provide]                PROVIDE (__end_noinit_RAM = .)
                [!provide]                PROVIDE (__end_noinit_SRAM_DTC = .)
                0x00000800                _HeapSize = 0x800

.heap           0x20003d88      0x800
                0x20003d88                _pvHeapStart = .
                0x20004588                . = (. + _HeapSize)
 *fill*         0x20003d88      0x800 
                0x20004588                . = ALIGN (0x4)
                0x20004588                _pvHeapLimit = .
                0x00000800                _StackSize = 0x800

.heap2stackfill
                0x20004588      0x800
                0x20004d88                . = (. + _StackSize)
 *fill*         0x20004588      0x800 

.stack          0x20007800        0x0
                0x20007800                _vStackBase = .
                0x20007800                . = ALIGN (0x4)
                0x20008000                _vStackTop = (. + _StackSize)
                0x20000000                _image_start = LOADADDR (.text)
                0x20003c60                _image_end = (LOADADDR (.data) + SIZEOF (.data))
                0x00003c60                _image_size = (_image_end - _image_start)
OUTPUT(MIMXRT1011_Project_PCA9685Driver_Example.axf elf32-littlearm)
LOAD linker stubs

.debug_info     0x00000000     0xc107
 .debug_info    0x00000000      0x867 ./startup/startup_mimxrt1011.o
 .debug_info    0x00000867     0x1166 ./source/PCA9685_Driver/PCA9685.o
 .debug_info    0x000019cd      0xe44 ./source/PCA9685_Driver/examples.o
 .debug_info    0x00002811      0xc90 ./source/MIMXRT1011_Project_examples.o
 .debug_info    0x000034a1       0x3c ./source/semihost_hardfault.o
 .debug_info    0x000034dd     0x206e ./drivers/fsl_clock.o
 .debug_info    0x0000554b      0xb7e ./drivers/fsl_gpio.o
 .debug_info    0x000060c9     0x2a58 ./drivers/fsl_lpi2c.o
 .debug_info    0x00008b21      0xc86 ./device/system_MIMXRT1011.o
 .debug_info    0x000097a7       0xcc ./board/board.o
 .debug_info    0x00009873     0x145f ./board/clock_config.o
 .debug_info    0x0000acd2      0xa37 ./board/peripherals.o
 .debug_info    0x0000b709      0x9fe ./board/pin_mux.o

.debug_abbrev   0x00000000     0x1981
 .debug_abbrev  0x00000000      0x147 ./startup/startup_mimxrt1011.o
 .debug_abbrev  0x00000147      0x28e ./source/PCA9685_Driver/PCA9685.o
 .debug_abbrev  0x000003d5      0x250 ./source/PCA9685_Driver/examples.o
 .debug_abbrev  0x00000625      0x260 ./source/MIMXRT1011_Project_examples.o
 .debug_abbrev  0x00000885       0x31 ./source/semihost_hardfault.o
 .debug_abbrev  0x000008b6      0x30a ./drivers/fsl_clock.o
 .debug_abbrev  0x00000bc0      0x255 ./drivers/fsl_gpio.o
 .debug_abbrev  0x00000e15      0x36e ./drivers/fsl_lpi2c.o
 .debug_abbrev  0x00001183      0x1be ./device/system_MIMXRT1011.o
 .debug_abbrev  0x00001341       0x8b ./board/board.o
 .debug_abbrev  0x000013cc      0x218 ./board/clock_config.o
 .debug_abbrev  0x000015e4      0x1b1 ./board/peripherals.o
 .debug_abbrev  0x00001795      0x1ec ./board/pin_mux.o

.debug_aranges  0x00000000      0x8c0
 .debug_aranges
                0x00000000      0x300 ./startup/startup_mimxrt1011.o
 .debug_aranges
                0x00000300       0x80 ./source/PCA9685_Driver/PCA9685.o
 .debug_aranges
                0x00000380       0x48 ./source/PCA9685_Driver/examples.o
 .debug_aranges
                0x000003c8       0x20 ./source/MIMXRT1011_Project_examples.o
 .debug_aranges
                0x000003e8       0x20 ./source/semihost_hardfault.o
 .debug_aranges
                0x00000408      0x160 ./drivers/fsl_clock.o
 .debug_aranges
                0x00000568       0x50 ./drivers/fsl_gpio.o
 .debug_aranges
                0x000005b8      0x1d0 ./drivers/fsl_lpi2c.o
 .debug_aranges
                0x00000788       0x30 ./device/system_MIMXRT1011.o
 .debug_aranges
                0x000007b8       0x28 ./board/board.o
 .debug_aranges
                0x000007e0       0x68 ./board/clock_config.o
 .debug_aranges
                0x00000848       0x30 ./board/peripherals.o
 .debug_aranges
                0x00000878       0x48 ./board/pin_mux.o

.debug_ranges   0x00000000      0x838
 .debug_ranges  0x00000000      0x2f0 ./startup/startup_mimxrt1011.o
 .debug_ranges  0x000002f0       0x70 ./source/PCA9685_Driver/PCA9685.o
 .debug_ranges  0x00000360       0x38 ./source/PCA9685_Driver/examples.o
 .debug_ranges  0x00000398       0x10 ./source/MIMXRT1011_Project_examples.o
 .debug_ranges  0x000003a8       0x10 ./source/semihost_hardfault.o
 .debug_ranges  0x000003b8      0x150 ./drivers/fsl_clock.o
 .debug_ranges  0x00000508       0x40 ./drivers/fsl_gpio.o
 .debug_ranges  0x00000548      0x208 ./drivers/fsl_lpi2c.o
 .debug_ranges  0x00000750       0x20 ./device/system_MIMXRT1011.o
 .debug_ranges  0x00000770       0x18 ./board/board.o
 .debug_ranges  0x00000788       0x58 ./board/clock_config.o
 .debug_ranges  0x000007e0       0x20 ./board/peripherals.o
 .debug_ranges  0x00000800       0x38 ./board/pin_mux.o

.debug_macro    0x00000000    0x1e359
 .debug_macro   0x00000000       0x29 ./startup/startup_mimxrt1011.o
 .debug_macro   0x00000029      0xade ./startup/startup_mimxrt1011.o
 .debug_macro   0x00000b07      0x161 ./source/PCA9685_Driver/PCA9685.o
 .debug_macro   0x00000c68       0x10 ./source/PCA9685_Driver/PCA9685.o
 .debug_macro   0x00000c78      0x12e ./source/PCA9685_Driver/PCA9685.o
 .debug_macro   0x00000da6      0x5b3 ./source/PCA9685_Driver/PCA9685.o
 .debug_macro   0x00001359       0x16 ./source/PCA9685_Driver/PCA9685.o
 .debug_macro   0x0000136f       0x16 ./source/PCA9685_Driver/PCA9685.o
 .debug_macro   0x00001385       0x22 ./source/PCA9685_Driver/PCA9685.o
 .debug_macro   0x000013a7       0x22 ./source/PCA9685_Driver/PCA9685.o
 .debug_macro   0x000013c9       0x10 ./source/PCA9685_Driver/PCA9685.o
 .debug_macro   0x000013d9       0x4d ./source/PCA9685_Driver/PCA9685.o
 .debug_macro   0x00001426       0x1c ./source/PCA9685_Driver/PCA9685.o
 .debug_macro   0x00001442       0x22 ./source/PCA9685_Driver/PCA9685.o
 .debug_macro   0x00001464      0x101 ./source/PCA9685_Driver/PCA9685.o
 .debug_macro   0x00001565     0x1305 ./source/PCA9685_Driver/PCA9685.o
 .debug_macro   0x0000286a      0x11f ./source/PCA9685_Driver/PCA9685.o
 .debug_macro   0x00002989       0x27 ./source/PCA9685_Driver/PCA9685.o
 .debug_macro   0x000029b0       0x1c ./source/PCA9685_Driver/PCA9685.o
 .debug_macro   0x000029cc    0x19689 ./source/PCA9685_Driver/PCA9685.o
 .debug_macro   0x0001c055      0x5b0 ./source/PCA9685_Driver/PCA9685.o
 .debug_macro   0x0001c605      0x116 ./source/PCA9685_Driver/PCA9685.o
 .debug_macro   0x0001c71b      0x1b6 ./source/PCA9685_Driver/PCA9685.o
 .debug_macro   0x0001c8d1       0x16 ./source/PCA9685_Driver/PCA9685.o
 .debug_macro   0x0001c8e7       0x1c ./source/PCA9685_Driver/PCA9685.o
 .debug_macro   0x0001c903       0x3a ./source/PCA9685_Driver/PCA9685.o
 .debug_macro   0x0001c93d       0xd0 ./source/PCA9685_Driver/PCA9685.o
 .debug_macro   0x0001ca0d      0x220 ./source/PCA9685_Driver/PCA9685.o
 .debug_macro   0x0001cc2d      0x16a ./source/PCA9685_Driver/examples.o
 .debug_macro   0x0001cd97       0x3a ./source/PCA9685_Driver/examples.o
 .debug_macro   0x0001cdd1      0x171 ./source/MIMXRT1011_Project_examples.o
 .debug_macro   0x0001cf42       0xd8 ./source/MIMXRT1011_Project_examples.o
 .debug_macro   0x0001d01a      0x226 ./source/MIMXRT1011_Project_examples.o
 .debug_macro   0x0001d240       0x11 ./source/semihost_hardfault.o
 .debug_macro   0x0001d251      0x117 ./drivers/fsl_clock.o
 .debug_macro   0x0001d368       0x1c ./drivers/fsl_clock.o
 .debug_macro   0x0001d384      0x127 ./drivers/fsl_gpio.o
 .debug_macro   0x0001d4ab      0x125 ./drivers/fsl_lpi2c.o
 .debug_macro   0x0001d5d0       0x16 ./drivers/fsl_lpi2c.o
 .debug_macro   0x0001d5e6       0x1c ./drivers/fsl_lpi2c.o
 .debug_macro   0x0001d602       0x10 ./drivers/fsl_lpi2c.o
 .debug_macro   0x0001d612       0xa7 ./device/system_MIMXRT1011.o
 .debug_macro   0x0001d6b9       0x45 ./board/board.o
 .debug_macro   0x0001d6fe      0x129 ./board/clock_config.o
 .debug_macro   0x0001d827       0xca ./board/clock_config.o
 .debug_macro   0x0001d8f1      0x7ff ./board/clock_config.o
 .debug_macro   0x0001e0f0      0x12d ./board/peripherals.o
 .debug_macro   0x0001e21d      0x12c ./board/pin_mux.o
 .debug_macro   0x0001e349       0x10 ./board/pin_mux.o

.debug_line     0x00000000     0x5ac8
 .debug_line    0x00000000      0x882 ./startup/startup_mimxrt1011.o
 .debug_line    0x00000882      0x6e7 ./source/PCA9685_Driver/PCA9685.o
 .debug_line    0x00000f69      0x5bd ./source/PCA9685_Driver/examples.o
 .debug_line    0x00001526      0x526 ./source/MIMXRT1011_Project_examples.o
 .debug_line    0x00001a4c       0x59 ./source/semihost_hardfault.o
 .debug_line    0x00001aa5      0xe5a ./drivers/fsl_clock.o
 .debug_line    0x000028ff      0x543 ./drivers/fsl_gpio.o
 .debug_line    0x00002e42     0x1609 ./drivers/fsl_lpi2c.o
 .debug_line    0x0000444b      0x502 ./device/system_MIMXRT1011.o
 .debug_line    0x0000494d      0x194 ./board/board.o
 .debug_line    0x00004ae1      0x6dc ./board/clock_config.o
 .debug_line    0x000051bd      0x429 ./board/peripherals.o
 .debug_line    0x000055e6      0x4e2 ./board/pin_mux.o

.debug_str      0x00000000    0xf13ce
 .debug_str     0x00000000     0x36bb ./startup/startup_mimxrt1011.o
                               0x36ec (size before relaxing)
 .debug_str     0x000036bb    0xe4b36 ./source/PCA9685_Driver/PCA9685.o
                              0xe7a9c (size before relaxing)
 .debug_str     0x000e81f1      0x2c2 ./source/PCA9685_Driver/examples.o
                              0xe7bac (size before relaxing)
 .debug_str     0x000e84b3      0x3e3 ./source/MIMXRT1011_Project_examples.o
                              0xe74f9 (size before relaxing)
 .debug_str     0x000e8896       0x1f ./source/semihost_hardfault.o
                               0x2ed0 (size before relaxing)
 .debug_str     0x000e88b5     0x1434 ./drivers/fsl_clock.o
                              0xe72dd (size before relaxing)
 .debug_str     0x000e9ce9      0x63f ./drivers/fsl_gpio.o
                              0xe63ff (size before relaxing)
 .debug_str     0x000ea328     0x17b1 ./drivers/fsl_lpi2c.o
                              0xe7ed7 (size before relaxing)
 .debug_str     0x000ebad9      0x1fe ./device/system_MIMXRT1011.o
                              0xe3827 (size before relaxing)
 .debug_str     0x000ebcd7       0x38 ./board/board.o
                               0x4605 (size before relaxing)
 .debug_str     0x000ebd0f     0x55ad ./board/clock_config.o
                              0xec3b1 (size before relaxing)
 .debug_str     0x000f12bc       0x53 ./board/peripherals.o
                              0xe63e1 (size before relaxing)
 .debug_str     0x000f130f       0xbf ./board/pin_mux.o
                              0xeb0af (size before relaxing)

.comment        0x00000000       0x4c
 .comment       0x00000000       0x4c ./startup/startup_mimxrt1011.o
                                 0x4d (size before relaxing)
 .comment       0x0000004c       0x4d ./source/PCA9685_Driver/PCA9685.o
 .comment       0x0000004c       0x4d ./source/PCA9685_Driver/examples.o
 .comment       0x0000004c       0x4d ./source/MIMXRT1011_Project_examples.o
 .comment       0x0000004c       0x4d ./source/semihost_hardfault.o
 .comment       0x0000004c       0x4d ./drivers/fsl_clock.o
 .comment       0x0000004c       0x4d ./drivers/fsl_gpio.o
 .comment       0x0000004c       0x4d ./drivers/fsl_lpi2c.o
 .comment       0x0000004c       0x4d ./device/system_MIMXRT1011.o
 .comment       0x0000004c       0x4d ./board/board.o
 .comment       0x0000004c       0x4d ./board/clock_config.o
 .comment       0x0000004c       0x4d ./board/peripherals.o
 .comment       0x0000004c       0x4d ./board/pin_mux.o
 .comment       0x0000004c       0x4d c:/nxp/mcuxpressoide_11.3.0_5222/ide/plugins/com.nxp.mcuxpresso.tools.win32_11.3.0.202008311133/tools/bin/../lib/gcc/arm-none-eabi/9.3.1/../../../../arm-none-eabi/lib/thumb/v7e-m+fp/hard\libcr_semihost_nf.a(_cr__main.o)
 .comment       0x0000004c       0x4d c:/nxp/mcuxpressoide_11.3.0_5222/ide/plugins/com.nxp.mcuxpresso.tools.win32_11.3.0.202008311133/tools/bin/../lib/gcc/arm-none-eabi/9.3.1/../../../../arm-none-eabi/lib/thumb/v7e-m+fp/hard\libcr_semihost_nf.a(_cr_assert.o)
 .comment       0x0000004c       0x4d c:/nxp/mcuxpressoide_11.3.0_5222/ide/plugins/com.nxp.mcuxpresso.tools.win32_11.3.0.202008311133/tools/bin/../lib/gcc/arm-none-eabi/9.3.1/../../../../arm-none-eabi/lib/thumb/v7e-m+fp/hard\libcr_semihost_nf.a(__ciob.o)
 .comment       0x0000004c       0x4d c:/nxp/mcuxpressoide_11.3.0_5222/ide/plugins/com.nxp.mcuxpresso.tools.win32_11.3.0.202008311133/tools/bin/../lib/gcc/arm-none-eabi/9.3.1/../../../../arm-none-eabi/lib/thumb/v7e-m+fp/hard\libcr_c.a(memset.o)
 .comment       0x0000004c       0x4d c:/nxp/mcuxpressoide_11.3.0_5222/ide/plugins/com.nxp.mcuxpresso.tools.win32_11.3.0.202008311133/tools/bin/../lib/gcc/arm-none-eabi/9.3.1/../../../../arm-none-eabi/lib/thumb/v7e-m+fp/hard\libcr_c.a(_deferredlazyseek.o)
 .comment       0x0000004c       0x4d c:/nxp/mcuxpressoide_11.3.0_5222/ide/plugins/com.nxp.mcuxpresso.tools.win32_11.3.0.202008311133/tools/bin/../lib/gcc/arm-none-eabi/9.3.1/../../../../arm-none-eabi/lib/thumb/v7e-m+fp/hard\libcr_c.a(_fflush.o)
 .comment       0x0000004c       0x4d c:/nxp/mcuxpressoide_11.3.0_5222/ide/plugins/com.nxp.mcuxpresso.tools.win32_11.3.0.202008311133/tools/bin/../lib/gcc/arm-none-eabi/9.3.1/../../../../arm-none-eabi/lib/thumb/v7e-m+fp/hard\libcr_c.a(_writebuf.o)
 .comment       0x0000004c       0x4d c:/nxp/mcuxpressoide_11.3.0_5222/ide/plugins/com.nxp.mcuxpresso.tools.win32_11.3.0.202008311133/tools/bin/../lib/gcc/arm-none-eabi/9.3.1/../../../../arm-none-eabi/lib/thumb/v7e-m+fp/hard\libcr_c.a(alloc.o)
 .comment       0x0000004c       0x4d c:/nxp/mcuxpressoide_11.3.0_5222/ide/plugins/com.nxp.mcuxpresso.tools.win32_11.3.0.202008311133/tools/bin/../lib/gcc/arm-none-eabi/9.3.1/../../../../arm-none-eabi/lib/thumb/v7e-m+fp/hard\libcr_c.a(fputs.o)
 .comment       0x0000004c       0x4d c:/nxp/mcuxpressoide_11.3.0_5222/ide/plugins/com.nxp.mcuxpresso.tools.win32_11.3.0.202008311133/tools/bin/../lib/gcc/arm-none-eabi/9.3.1/../../../../arm-none-eabi/lib/thumb/v7e-m+fp/hard\libcr_c.a(fseek.o)
 .comment       0x0000004c       0x4d c:/nxp/mcuxpressoide_11.3.0_5222/ide/plugins/com.nxp.mcuxpresso.tools.win32_11.3.0.202008311133/tools/bin/../lib/gcc/arm-none-eabi/9.3.1/../../../../arm-none-eabi/lib/thumb/v7e-m+fp/hard\libcr_c.a(ftell.o)
 .comment       0x0000004c       0x4d c:/nxp/mcuxpressoide_11.3.0_5222/ide/plugins/com.nxp.mcuxpresso.tools.win32_11.3.0.202008311133/tools/bin/../lib/gcc/arm-none-eabi/9.3.1/../../../../arm-none-eabi/lib/thumb/v7e-m+fp/hard\libcr_c.a(initio.o)
 .comment       0x0000004c       0x4d c:/nxp/mcuxpressoide_11.3.0_5222/ide/plugins/com.nxp.mcuxpresso.tools.win32_11.3.0.202008311133/tools/bin/../lib/gcc/arm-none-eabi/9.3.1/../../../../arm-none-eabi/lib/thumb/v7e-m+fp/hard\libcr_c.a(setvbuf.o)
 .comment       0x0000004c       0x4d c:/nxp/mcuxpressoide_11.3.0_5222/ide/plugins/com.nxp.mcuxpresso.tools.win32_11.3.0.202008311133/tools/bin/../lib/gcc/arm-none-eabi/9.3.1/../../../../arm-none-eabi/lib/thumb/v7e-m+fp/hard\libcr_c.a(__init_alloc.o)
 .comment       0x0000004c       0x4d c:/nxp/mcuxpressoide_11.3.0_5222/ide/plugins/com.nxp.mcuxpresso.tools.win32_11.3.0.202008311133/tools/bin/../lib/gcc/arm-none-eabi/9.3.1/../../../../arm-none-eabi/lib/thumb/v7e-m+fp/hard\libcr_c.a(_cr_sbrk.o)
 .comment       0x0000004c       0x4d c:/nxp/mcuxpressoide_11.3.0_5222/ide/plugins/com.nxp.mcuxpresso.tools.win32_11.3.0.202008311133/tools/bin/../lib/gcc/arm-none-eabi/9.3.1/../../../../arm-none-eabi/lib/thumb/v7e-m+fp/hard\libcr_c.a(_fdopen.o)
 .comment       0x0000004c       0x4d c:/nxp/mcuxpressoide_11.3.0_5222/ide/plugins/com.nxp.mcuxpresso.tools.win32_11.3.0.202008311133/tools/bin/../lib/gcc/arm-none-eabi/9.3.1/../../../../arm-none-eabi/lib/thumb/v7e-m+fp/hard\libcr_c.a(errno.o)
 .comment       0x0000004c       0x4d c:/nxp/mcuxpressoide_11.3.0_5222/ide/plugins/com.nxp.mcuxpresso.tools.win32_11.3.0.202008311133/tools/bin/../lib/gcc/arm-none-eabi/9.3.1/../../../../arm-none-eabi/lib/thumb/v7e-m+fp/hard\libcr_c.a(fclose.o)
 .comment       0x0000004c       0x4d c:/nxp/mcuxpressoide_11.3.0_5222/ide/plugins/com.nxp.mcuxpresso.tools.win32_11.3.0.202008311133/tools/bin/../lib/gcc/arm-none-eabi/9.3.1/../../../../arm-none-eabi/lib/thumb/v7e-m+fp/hard\libcr_c.a(fflush.o)
 .comment       0x0000004c       0x4d c:/nxp/mcuxpressoide_11.3.0_5222/ide/plugins/com.nxp.mcuxpresso.tools.win32_11.3.0.202008311133/tools/bin/../lib/gcc/arm-none-eabi/9.3.1/../../../../arm-none-eabi/lib/thumb/v7e-m+fp/hard\libcr_c.a(remove.o)
 .comment       0x0000004c       0x4d c:/nxp/mcuxpressoide_11.3.0_5222/ide/plugins/com.nxp.mcuxpresso.tools.win32_11.3.0.202008311133/tools/bin/../lib/gcc/arm-none-eabi/9.3.1/../../../../arm-none-eabi/lib/thumb/v7e-m+fp/hard\libcr_c.a(strlen.o)
 .comment       0x0000004c       0x4d c:/nxp/mcuxpressoide_11.3.0_5222/ide/plugins/com.nxp.mcuxpresso.tools.win32_11.3.0.202008311133/tools/bin/../lib/gcc/arm-none-eabi/9.3.1/../../../../arm-none-eabi/lib/thumb/v7e-m+fp/hard\libcr_c.a(_cr_check_heap.o)
 .comment       0x0000004c       0x4d c:/nxp/mcuxpressoide_11.3.0_5222/ide/plugins/com.nxp.mcuxpresso.tools.win32_11.3.0.202008311133/tools/bin/../lib/gcc/arm-none-eabi/9.3.1/../../../../arm-none-eabi/lib/thumb/v7e-m+fp/hard\libcr_c.a(_do_fflush.o)
 .comment       0x0000004c       0x4d c:/nxp/mcuxpressoide_11.3.0_5222/ide/plugins/com.nxp.mcuxpresso.tools.win32_11.3.0.202008311133/tools/bin/../lib/gcc/arm-none-eabi/9.3.1/thumb/v7e-m+fp/hard\libcr_eabihelpers.a(double.o)
 .comment       0x0000004c       0x4d c:/nxp/mcuxpressoide_11.3.0_5222/ide/plugins/com.nxp.mcuxpresso.tools.win32_11.3.0.202008311133/tools/bin/../lib/gcc/arm-none-eabi/9.3.1/thumb/v7e-m+fp/hard\libcr_eabihelpers.a(float.o)

.ARM.attributes
                0x00000000       0x32
 .ARM.attributes
                0x00000000       0x34 ./startup/startup_mimxrt1011.o
 .ARM.attributes
                0x00000034       0x34 ./source/PCA9685_Driver/PCA9685.o
 .ARM.attributes
                0x00000068       0x34 ./source/PCA9685_Driver/examples.o
 .ARM.attributes
                0x0000009c       0x34 ./source/MIMXRT1011_Project_examples.o
 .ARM.attributes
                0x000000d0       0x34 ./source/semihost_hardfault.o
 .ARM.attributes
                0x00000104       0x34 ./drivers/fsl_clock.o
 .ARM.attributes
                0x00000138       0x34 ./drivers/fsl_gpio.o
 .ARM.attributes
                0x0000016c       0x34 ./drivers/fsl_lpi2c.o
 .ARM.attributes
                0x000001a0       0x34 ./device/system_MIMXRT1011.o
 .ARM.attributes
                0x000001d4       0x34 ./board/board.o
 .ARM.attributes
                0x00000208       0x34 ./board/clock_config.o
 .ARM.attributes
                0x0000023c       0x34 ./board/peripherals.o
 .ARM.attributes
                0x00000270       0x34 ./board/pin_mux.o
 .ARM.attributes
                0x000002a4       0x34 c:/nxp/mcuxpressoide_11.3.0_5222/ide/plugins/com.nxp.mcuxpresso.tools.win32_11.3.0.202008311133/tools/bin/../lib/gcc/arm-none-eabi/9.3.1/../../../../arm-none-eabi/lib/thumb/v7e-m+fp/hard\libcr_semihost_nf.a(_cr__main.o)
 .ARM.attributes
                0x000002d8       0x34 c:/nxp/mcuxpressoide_11.3.0_5222/ide/plugins/com.nxp.mcuxpresso.tools.win32_11.3.0.202008311133/tools/bin/../lib/gcc/arm-none-eabi/9.3.1/../../../../arm-none-eabi/lib/thumb/v7e-m+fp/hard\libcr_semihost_nf.a(_cr_assert.o)
 .ARM.attributes
                0x0000030c       0x39 c:/nxp/mcuxpressoide_11.3.0_5222/ide/plugins/com.nxp.mcuxpresso.tools.win32_11.3.0.202008311133/tools/bin/../lib/gcc/arm-none-eabi/9.3.1/../../../../arm-none-eabi/lib/thumb/v7e-m+fp/hard\libcr_semihost_nf.a(__ciob.o)
 .ARM.attributes
                0x00000345       0x20 c:/nxp/mcuxpressoide_11.3.0_5222/ide/plugins/com.nxp.mcuxpresso.tools.win32_11.3.0.202008311133/tools/bin/../lib/gcc/arm-none-eabi/9.3.1/../../../../arm-none-eabi/lib/thumb/v7e-m+fp/hard\libcr_semihost_nf.a(__sys_appexit.o)
 .ARM.attributes
                0x00000365       0x34 c:/nxp/mcuxpressoide_11.3.0_5222/ide/plugins/com.nxp.mcuxpresso.tools.win32_11.3.0.202008311133/tools/bin/../lib/gcc/arm-none-eabi/9.3.1/../../../../arm-none-eabi/lib/thumb/v7e-m+fp/hard\libcr_c.a(memset.o)
 .ARM.attributes
                0x00000399       0x34 c:/nxp/mcuxpressoide_11.3.0_5222/ide/plugins/com.nxp.mcuxpresso.tools.win32_11.3.0.202008311133/tools/bin/../lib/gcc/arm-none-eabi/9.3.1/../../../../arm-none-eabi/lib/thumb/v7e-m+fp/hard\libcr_c.a(_deferredlazyseek.o)
 .ARM.attributes
                0x000003cd       0x34 c:/nxp/mcuxpressoide_11.3.0_5222/ide/plugins/com.nxp.mcuxpresso.tools.win32_11.3.0.202008311133/tools/bin/../lib/gcc/arm-none-eabi/9.3.1/../../../../arm-none-eabi/lib/thumb/v7e-m+fp/hard\libcr_c.a(_fflush.o)
 .ARM.attributes
                0x00000401       0x34 c:/nxp/mcuxpressoide_11.3.0_5222/ide/plugins/com.nxp.mcuxpresso.tools.win32_11.3.0.202008311133/tools/bin/../lib/gcc/arm-none-eabi/9.3.1/../../../../arm-none-eabi/lib/thumb/v7e-m+fp/hard\libcr_c.a(_writebuf.o)
 .ARM.attributes
                0x00000435       0x34 c:/nxp/mcuxpressoide_11.3.0_5222/ide/plugins/com.nxp.mcuxpresso.tools.win32_11.3.0.202008311133/tools/bin/../lib/gcc/arm-none-eabi/9.3.1/../../../../arm-none-eabi/lib/thumb/v7e-m+fp/hard\libcr_c.a(alloc.o)
 .ARM.attributes
                0x00000469       0x34 c:/nxp/mcuxpressoide_11.3.0_5222/ide/plugins/com.nxp.mcuxpresso.tools.win32_11.3.0.202008311133/tools/bin/../lib/gcc/arm-none-eabi/9.3.1/../../../../arm-none-eabi/lib/thumb/v7e-m+fp/hard\libcr_c.a(fputs.o)
 .ARM.attributes
                0x0000049d       0x34 c:/nxp/mcuxpressoide_11.3.0_5222/ide/plugins/com.nxp.mcuxpresso.tools.win32_11.3.0.202008311133/tools/bin/../lib/gcc/arm-none-eabi/9.3.1/../../../../arm-none-eabi/lib/thumb/v7e-m+fp/hard\libcr_c.a(fseek.o)
 .ARM.attributes
                0x000004d1       0x34 c:/nxp/mcuxpressoide_11.3.0_5222/ide/plugins/com.nxp.mcuxpresso.tools.win32_11.3.0.202008311133/tools/bin/../lib/gcc/arm-none-eabi/9.3.1/../../../../arm-none-eabi/lib/thumb/v7e-m+fp/hard\libcr_c.a(ftell.o)
 .ARM.attributes
                0x00000505       0x34 c:/nxp/mcuxpressoide_11.3.0_5222/ide/plugins/com.nxp.mcuxpresso.tools.win32_11.3.0.202008311133/tools/bin/../lib/gcc/arm-none-eabi/9.3.1/../../../../arm-none-eabi/lib/thumb/v7e-m+fp/hard\libcr_c.a(initio.o)
 .ARM.attributes
                0x00000539       0x34 c:/nxp/mcuxpressoide_11.3.0_5222/ide/plugins/com.nxp.mcuxpresso.tools.win32_11.3.0.202008311133/tools/bin/../lib/gcc/arm-none-eabi/9.3.1/../../../../arm-none-eabi/lib/thumb/v7e-m+fp/hard\libcr_c.a(setvbuf.o)
 .ARM.attributes
                0x0000056d       0x34 c:/nxp/mcuxpressoide_11.3.0_5222/ide/plugins/com.nxp.mcuxpresso.tools.win32_11.3.0.202008311133/tools/bin/../lib/gcc/arm-none-eabi/9.3.1/../../../../arm-none-eabi/lib/thumb/v7e-m+fp/hard\libcr_c.a(__init_alloc.o)
 .ARM.attributes
                0x000005a1       0x34 c:/nxp/mcuxpressoide_11.3.0_5222/ide/plugins/com.nxp.mcuxpresso.tools.win32_11.3.0.202008311133/tools/bin/../lib/gcc/arm-none-eabi/9.3.1/../../../../arm-none-eabi/lib/thumb/v7e-m+fp/hard\libcr_c.a(_cr_sbrk.o)
 .ARM.attributes
                0x000005d5       0x34 c:/nxp/mcuxpressoide_11.3.0_5222/ide/plugins/com.nxp.mcuxpresso.tools.win32_11.3.0.202008311133/tools/bin/../lib/gcc/arm-none-eabi/9.3.1/../../../../arm-none-eabi/lib/thumb/v7e-m+fp/hard\libcr_c.a(_fdopen.o)
 .ARM.attributes
                0x00000609       0x39 c:/nxp/mcuxpressoide_11.3.0_5222/ide/plugins/com.nxp.mcuxpresso.tools.win32_11.3.0.202008311133/tools/bin/../lib/gcc/arm-none-eabi/9.3.1/../../../../arm-none-eabi/lib/thumb/v7e-m+fp/hard\libcr_c.a(errno.o)
 .ARM.attributes
                0x00000642       0x34 c:/nxp/mcuxpressoide_11.3.0_5222/ide/plugins/com.nxp.mcuxpresso.tools.win32_11.3.0.202008311133/tools/bin/../lib/gcc/arm-none-eabi/9.3.1/../../../../arm-none-eabi/lib/thumb/v7e-m+fp/hard\libcr_c.a(fclose.o)
 .ARM.attributes
                0x00000676       0x34 c:/nxp/mcuxpressoide_11.3.0_5222/ide/plugins/com.nxp.mcuxpresso.tools.win32_11.3.0.202008311133/tools/bin/../lib/gcc/arm-none-eabi/9.3.1/../../../../arm-none-eabi/lib/thumb/v7e-m+fp/hard\libcr_c.a(fflush.o)
 .ARM.attributes
                0x000006aa       0x34 c:/nxp/mcuxpressoide_11.3.0_5222/ide/plugins/com.nxp.mcuxpresso.tools.win32_11.3.0.202008311133/tools/bin/../lib/gcc/arm-none-eabi/9.3.1/../../../../arm-none-eabi/lib/thumb/v7e-m+fp/hard\libcr_c.a(remove.o)
 .ARM.attributes
                0x000006de       0x34 c:/nxp/mcuxpressoide_11.3.0_5222/ide/plugins/com.nxp.mcuxpresso.tools.win32_11.3.0.202008311133/tools/bin/../lib/gcc/arm-none-eabi/9.3.1/../../../../arm-none-eabi/lib/thumb/v7e-m+fp/hard\libcr_c.a(strlen.o)
 .ARM.attributes
                0x00000712       0x34 c:/nxp/mcuxpressoide_11.3.0_5222/ide/plugins/com.nxp.mcuxpresso.tools.win32_11.3.0.202008311133/tools/bin/../lib/gcc/arm-none-eabi/9.3.1/../../../../arm-none-eabi/lib/thumb/v7e-m+fp/hard\libcr_c.a(_cr_check_heap.o)
 .ARM.attributes
                0x00000746       0x34 c:/nxp/mcuxpressoide_11.3.0_5222/ide/plugins/com.nxp.mcuxpresso.tools.win32_11.3.0.202008311133/tools/bin/../lib/gcc/arm-none-eabi/9.3.1/../../../../arm-none-eabi/lib/thumb/v7e-m+fp/hard\libcr_c.a(_do_fflush.o)
 .ARM.attributes
                0x0000077a       0x34 c:/nxp/mcuxpressoide_11.3.0_5222/ide/plugins/com.nxp.mcuxpresso.tools.win32_11.3.0.202008311133/tools/bin/../lib/gcc/arm-none-eabi/9.3.1/thumb/v7e-m+fp/hard\libcr_eabihelpers.a(double.o)
 .ARM.attributes
                0x000007ae       0x34 c:/nxp/mcuxpressoide_11.3.0_5222/ide/plugins/com.nxp.mcuxpresso.tools.win32_11.3.0.202008311133/tools/bin/../lib/gcc/arm-none-eabi/9.3.1/thumb/v7e-m+fp/hard\libcr_eabihelpers.a(float.o)
 .ARM.attributes
                0x000007e2       0x20 c:/nxp/mcuxpressoide_11.3.0_5222/ide/plugins/com.nxp.mcuxpresso.tools.win32_11.3.0.202008311133/tools/bin/../lib/gcc/arm-none-eabi/9.3.1/thumb/v7e-m+fp/hard\libcr_eabihelpers.a(memcpy.o)
 .ARM.attributes
                0x00000802       0x20 c:/nxp/mcuxpressoide_11.3.0_5222/ide/plugins/com.nxp.mcuxpresso.tools.win32_11.3.0.202008311133/tools/bin/../lib/gcc/arm-none-eabi/9.3.1/../../../../arm-none-eabi/lib/thumb/v7e-m+fp/hard\libcr_semihost_nf.a(__sys_close.o)
 .ARM.attributes
                0x00000822       0x20 c:/nxp/mcuxpressoide_11.3.0_5222/ide/plugins/com.nxp.mcuxpresso.tools.win32_11.3.0.202008311133/tools/bin/../lib/gcc/arm-none-eabi/9.3.1/../../../../arm-none-eabi/lib/thumb/v7e-m+fp/hard\libcr_semihost_nf.a(__sys_flen.o)
 .ARM.attributes
                0x00000842       0x20 c:/nxp/mcuxpressoide_11.3.0_5222/ide/plugins/com.nxp.mcuxpresso.tools.win32_11.3.0.202008311133/tools/bin/../lib/gcc/arm-none-eabi/9.3.1/../../../../arm-none-eabi/lib/thumb/v7e-m+fp/hard\libcr_semihost_nf.a(__sys_istty.o)
 .ARM.attributes
                0x00000862       0x20 c:/nxp/mcuxpressoide_11.3.0_5222/ide/plugins/com.nxp.mcuxpresso.tools.win32_11.3.0.202008311133/tools/bin/../lib/gcc/arm-none-eabi/9.3.1/../../../../arm-none-eabi/lib/thumb/v7e-m+fp/hard\libcr_semihost_nf.a(__sys_remove.o)
 .ARM.attributes
                0x00000882       0x20 c:/nxp/mcuxpressoide_11.3.0_5222/ide/plugins/com.nxp.mcuxpresso.tools.win32_11.3.0.202008311133/tools/bin/../lib/gcc/arm-none-eabi/9.3.1/../../../../arm-none-eabi/lib/thumb/v7e-m+fp/hard\libcr_semihost_nf.a(__sys_seek.o)
 .ARM.attributes
                0x000008a2       0x20 c:/nxp/mcuxpressoide_11.3.0_5222/ide/plugins/com.nxp.mcuxpresso.tools.win32_11.3.0.202008311133/tools/bin/../lib/gcc/arm-none-eabi/9.3.1/../../../../arm-none-eabi/lib/thumb/v7e-m+fp/hard\libcr_semihost_nf.a(__sys_tmpnam.o)
 .ARM.attributes
                0x000008c2       0x20 c:/nxp/mcuxpressoide_11.3.0_5222/ide/plugins/com.nxp.mcuxpresso.tools.win32_11.3.0.202008311133/tools/bin/../lib/gcc/arm-none-eabi/9.3.1/../../../../arm-none-eabi/lib/thumb/v7e-m+fp/hard\libcr_semihost_nf.a(__sys_write.o)

.debug_frame    0x00000000     0x1dfc
 .debug_frame   0x00000000      0x874 ./startup/startup_mimxrt1011.o
 .debug_frame   0x00000874      0x1e4 ./source/PCA9685_Driver/PCA9685.o
 .debug_frame   0x00000a58       0xc0 ./source/PCA9685_Driver/examples.o
 .debug_frame   0x00000b18       0x30 ./source/MIMXRT1011_Project_examples.o
 .debug_frame   0x00000b48       0x20 ./source/semihost_hardfault.o
 .debug_frame   0x00000b68      0x5e0 ./drivers/fsl_clock.o
 .debug_frame   0x00001148      0x110 ./drivers/fsl_gpio.o
 .debug_frame   0x00001258      0x810 ./drivers/fsl_lpi2c.o
 .debug_frame   0x00001a68       0x7c ./device/system_MIMXRT1011.o
 .debug_frame   0x00001ae4       0x50 ./board/board.o
 .debug_frame   0x00001b34      0x178 ./board/clock_config.o
 .debug_frame   0x00001cac       0x64 ./board/peripherals.o
 .debug_frame   0x00001d10       0xec ./board/pin_mux.o

Cross Reference Table

Symbol                                            File
ADC1_DriverIRQHandler                             ./startup/startup_mimxrt1011.o
ADC1_IRQHandler                                   ./startup/startup_mimxrt1011.o
ADC_ETC_ERROR_IRQ_DriverIRQHandler                ./startup/startup_mimxrt1011.o
ADC_ETC_ERROR_IRQ_IRQHandler                      ./startup/startup_mimxrt1011.o
ADC_ETC_IRQ0_DriverIRQHandler                     ./startup/startup_mimxrt1011.o
ADC_ETC_IRQ0_IRQHandler                           ./startup/startup_mimxrt1011.o
ADC_ETC_IRQ1_DriverIRQHandler                     ./startup/startup_mimxrt1011.o
ADC_ETC_IRQ1_IRQHandler                           ./startup/startup_mimxrt1011.o
ADC_ETC_IRQ2_DriverIRQHandler                     ./startup/startup_mimxrt1011.o
ADC_ETC_IRQ2_IRQHandler                           ./startup/startup_mimxrt1011.o
ADC_ETC_IRQ3_DriverIRQHandler                     ./startup/startup_mimxrt1011.o
ADC_ETC_IRQ3_IRQHandler                           ./startup/startup_mimxrt1011.o
BOARD_BootClockRUN                                ./board/clock_config.o
BOARD_ConfigMPU                                   ./board/board.o
                                                  ./source/MIMXRT1011_Project_examples.o
BOARD_InitBootClocks                              ./board/clock_config.o
                                                  ./source/MIMXRT1011_Project_examples.o
BOARD_InitBootPeripherals                         ./board/peripherals.o
                                                  ./source/MIMXRT1011_Project_examples.o
BOARD_InitBootPins                                ./board/pin_mux.o
                                                  ./source/MIMXRT1011_Project_examples.o
BOARD_InitDebugConsole                            ./board/board.o
BOARD_InitPeripherals                             ./board/peripherals.o
BOARD_InitPins                                    ./board/pin_mux.o
BusFault_Handler                                  ./startup/startup_mimxrt1011.o
CCM_1_DriverIRQHandler                            ./startup/startup_mimxrt1011.o
CCM_1_IRQHandler                                  ./startup/startup_mimxrt1011.o
CCM_2_DriverIRQHandler                            ./startup/startup_mimxrt1011.o
CCM_2_IRQHandler                                  ./startup/startup_mimxrt1011.o
CLOCK_DeinitAudioPll                              ./drivers/fsl_clock.o
                                                  ./board/clock_config.o
CLOCK_DeinitEnetPll                               ./drivers/fsl_clock.o
CLOCK_DeinitExternalClk                           ./drivers/fsl_clock.o
CLOCK_DeinitRcOsc24M                              ./drivers/fsl_clock.o
CLOCK_DeinitSysPfd                                ./drivers/fsl_clock.o
CLOCK_DeinitSysPll                                ./drivers/fsl_clock.o
CLOCK_DeinitUsb1Pfd                               ./drivers/fsl_clock.o
CLOCK_DeinitUsb1Pll                               ./drivers/fsl_clock.o
                                                  ./board/clock_config.o
CLOCK_DisableUsbhs0PhyPllClock                    ./drivers/fsl_clock.o
CLOCK_EnableUsbhs0Clock                           ./drivers/fsl_clock.o
CLOCK_EnableUsbhs0PhyPllClock                     ./drivers/fsl_clock.o
CLOCK_GetClockOutCLKO1Freq                        ./drivers/fsl_clock.o
CLOCK_GetClockOutClkO2Freq                        ./drivers/fsl_clock.o
CLOCK_GetClockRootFreq                            ./drivers/fsl_clock.o
CLOCK_GetCoreFreq                                 ./drivers/fsl_clock.o
CLOCK_GetFreq                                     ./drivers/fsl_clock.o